2026-08-29T00:39:31.0759818Z Current runner version: '2.336.0'
2026-08-29T00:39:31.0787400Z ##[group]Runner Image Provisioner
2026-08-29T00:39:31.0788396Z Hosted Compute Agent
2026-08-29T00:39:31.0789051Z Version: 20260819.586
2026-08-29T00:39:31.0789729Z Commit: 3cc4a88dfa507ef76119ad1bb3eccc6378bb2b76
2026-08-29T00:39:31.0790536Z Build Date: 2026-08-18T23:20:18Z
2026-08-29T00:39:31.0791259Z Worker ID: {ae729135-0d9e-4932-973d-668687a45d65}
2026-08-29T00:39:31.0792120Z Azure Region: eastus2
2026-08-29T00:39:31.0792935Z ##[endgroup]
2026-08-29T00:39:31.0794358Z ##[group]Operating System
2026-08-29T00:39:31.0795094Z Ubuntu
2026-08-29T00:39:31.0795652Z 24.04.4
2026-08-29T00:39:31.0796208Z LTS
2026-08-29T00:39:31.0796827Z ##[endgroup]
2026-08-29T00:39:31.0797410Z ##[group]Runner Image
2026-08-29T00:39:31.0798056Z Image: ubuntu-24.04
2026-08-29T00:39:31.0798672Z Version: 20260823.283.1
2026-08-29T00:39:31.0800036Z Included Software: https://github.com/actions/runner-images/blob/ubuntu24/20260823.283/images/ubuntu/Ubuntu2404-Readme.md
2026-08-29T00:39:31.0801599Z Image Release: https://github.com/actions/runner-images/releases/tag/ubuntu24%2F20260823.283
2026-08-29T00:39:31.0803029Z ##[endgroup]
2026-08-29T00:39:31.0804474Z ##[group]GITHUB_TOKEN Permissions
2026-08-29T00:39:31.0806894Z Contents: read
2026-08-29T00:39:31.0807525Z Metadata: read
2026-08-29T00:39:31.0808067Z Packages: read
2026-08-29T00:39:31.0809079Z ##[endgroup]
2026-08-29T00:39:31.0811253Z Secret source: Actions
2026-08-29T00:39:31.0812825Z Prepare workflow directory
2026-08-29T00:39:31.1194536Z Prepare all required actions
2026-08-29T00:39:31.1241928Z Getting action download info
2026-08-29T00:39:31.3174407Z Download action repository 'actions/checkout@v4' (SHA:11d5960a326750d5838078e36cf38b85af677262)
2026-08-29T00:39:31.4357286Z Download action repository 'dtolnay/rust-toolchain@stable' (SHA:4360b52568e2003a75bf9bc1d59f33a8e3fc893c)
2026-08-29T00:39:31.5385364Z Download action repository 'Swatinem/rust-cache@v2' (SHA:6323deb102c322ba6fcbdcafc7e3dddab59af2b6)
2026-08-29T00:39:31.9015946Z Complete job name: check / clippy / fmt
2026-08-29T00:39:31.9756915Z Node 20 is being deprecated. This workflow is running with Node 24 by default. If you need to temporarily use Node 20, you can set the ACTIONS_ALLOW_USE_UNSECURE_NODE_VERSION=true environment variable. For more information see: https://github.blog/changelog/2025-09-19-deprecation-of-node-20-on-github-actions-runners/
2026-08-29T00:39:31.9766222Z ##[group]Run actions/checkout@v4
2026-08-29T00:39:31.9766931Z with:
2026-08-29T00:39:31.9767383Z   repository: danecwalker/tokenloom
2026-08-29T00:39:31.9771186Z   token: ***
2026-08-29T00:39:31.9771629Z   ssh-strict: true
2026-08-29T00:39:31.9772070Z   ssh-user: git
2026-08-29T00:39:31.9772727Z   persist-credentials: true
2026-08-29T00:39:31.9773218Z   clean: true
2026-08-29T00:39:31.9773660Z   sparse-checkout-cone-mode: true
2026-08-29T00:39:31.9774172Z   fetch-depth: 1
2026-08-29T00:39:31.9774652Z   fetch-tags: false
2026-08-29T00:39:31.9775099Z   show-progress: true
2026-08-29T00:39:31.9775573Z   lfs: false
2026-08-29T00:39:31.9776017Z   submodules: false
2026-08-29T00:39:31.9776470Z   set-safe-directory: true
2026-08-29T00:39:31.9776969Z   allow-unsafe-pr-checkout: false
2026-08-29T00:39:31.9777699Z env:
2026-08-29T00:39:31.9778105Z   CARGO_TERM_COLOR: always
2026-08-29T00:39:31.9778590Z   RUSTFLAGS: -D warnings
2026-08-29T00:39:31.9779052Z ##[endgroup]
2026-08-29T00:39:32.0816111Z Syncing repository: danecwalker/tokenloom
2026-08-29T00:39:32.0818841Z ##[group]Getting Git version info
2026-08-29T00:39:32.0819996Z Working directory is '/home/runner/work/tokenloom/tokenloom'
2026-08-29T00:39:32.0822788Z [command]/usr/bin/git version
2026-08-29T00:39:32.0926991Z git version 2.55.0
2026-08-29T00:39:32.0949052Z ##[endgroup]
2026-08-29T00:39:32.0966424Z Temporarily overriding HOME='/home/runner/work/_temp/cbd54d5c-5827-4bd9-a070-f3c350df440c' before making global git config changes
2026-08-29T00:39:32.0969018Z Adding repository directory to the temporary git global config as a safe directory
2026-08-29T00:39:32.0974909Z [command]/usr/bin/git config --global --add safe.directory /home/runner/work/tokenloom/tokenloom
2026-08-29T00:39:32.1030146Z Deleting the contents of '/home/runner/work/tokenloom/tokenloom'
2026-08-29T00:39:32.1035178Z ##[group]Initializing the repository
2026-08-29T00:39:32.1040091Z [command]/usr/bin/git init /home/runner/work/tokenloom/tokenloom
2026-08-29T00:39:32.1144351Z hint: Using 'master' as the name for the initial branch. This default branch name
2026-08-29T00:39:32.1146348Z hint: will change to "main" in Git 3.0. To configure the initial branch name
2026-08-29T00:39:32.1148051Z hint: to use in all of your new repositories, which will suppress this warning,
2026-08-29T00:39:32.1149381Z hint: call:
2026-08-29T00:39:32.1150112Z hint:
2026-08-29T00:39:32.1151033Z hint: 	git config --global init.defaultBranch <name>
2026-08-29T00:39:32.1152138Z hint:
2026-08-29T00:39:32.1154482Z hint: Names commonly chosen instead of 'master' are 'main', 'trunk' and
2026-08-29T00:39:32.1156221Z hint: 'development'. The just-created branch can be renamed via this command:
2026-08-29T00:39:32.1157712Z hint:
2026-08-29T00:39:32.1158576Z hint: 	git branch -m <name>
2026-08-29T00:39:32.1159449Z hint:
2026-08-29T00:39:32.1160549Z hint: Disable this message with "git config set advice.defaultBranchName false"
2026-08-29T00:39:32.1162608Z Initialized empty Git repository in /home/runner/work/tokenloom/tokenloom/.git/
2026-08-29T00:39:32.1165803Z [command]/usr/bin/git remote add origin https://github.com/danecwalker/tokenloom
2026-08-29T00:39:32.1210223Z ##[endgroup]
2026-08-29T00:39:32.1211749Z ##[group]Disabling automatic garbage collection
2026-08-29T00:39:32.1216005Z [command]/usr/bin/git config --local gc.auto 0
2026-08-29T00:39:32.1254513Z ##[endgroup]
2026-08-29T00:39:32.1255861Z ##[group]Setting up auth
2026-08-29T00:39:32.1263074Z [command]/usr/bin/git config --local --name-only --get-regexp core\.sshCommand
2026-08-29T00:39:32.1328156Z [command]/usr/bin/git submodule foreach --recursive sh -c "git config --local --name-only --get-regexp 'core\.sshCommand' && git config --local --unset-all 'core.sshCommand' || :"
2026-08-29T00:39:32.1729640Z [command]/usr/bin/git config --local --name-only --get-regexp http\.https\:\/\/github\.com\/\.extraheader
2026-08-29T00:39:32.1780544Z [command]/usr/bin/git submodule foreach --recursive sh -c "git config --local --name-only --get-regexp 'http\.https\:\/\/github\.com\/\.extraheader' && git config --local --unset-all 'http.https://github.com/.extraheader' || :"
2026-08-29T00:39:32.2082909Z [command]/usr/bin/git config --local --name-only --get-regexp ^includeIf\.gitdir:
2026-08-29T00:39:32.2122905Z [command]/usr/bin/git submodule foreach --recursive git config --local --show-origin --name-only --get-regexp remote.origin.url
2026-08-29T00:39:32.2374694Z [command]/usr/bin/git config --local http.https://github.com/.extraheader AUTHORIZATION: basic ***
2026-08-29T00:39:32.2416890Z ##[endgroup]
2026-08-29T00:39:32.2417720Z ##[group]Fetching the repository
2026-08-29T00:39:32.2428825Z [command]/usr/bin/git -c protocol.version=2 fetch --no-tags --prune --no-recurse-submodules --depth=1 origin +f7a0917f06d3c02662233090b8f265ca1e0ff262:refs/remotes/origin/main
2026-08-29T00:39:32.5045204Z From https://github.com/danecwalker/tokenloom
2026-08-29T00:39:32.5047016Z  * [new ref]         f7a0917f06d3c02662233090b8f265ca1e0ff262 -> origin/main
2026-08-29T00:39:32.5051069Z ##[endgroup]
2026-08-29T00:39:32.5052912Z ##[group]Determining the checkout info
2026-08-29T00:39:32.5054583Z ##[endgroup]
2026-08-29T00:39:32.5060703Z [command]/usr/bin/git sparse-checkout disable
2026-08-29T00:39:32.5118758Z [command]/usr/bin/git config --local --unset-all extensions.worktreeConfig
2026-08-29T00:39:32.5155729Z ##[group]Checking out the ref
2026-08-29T00:39:32.5161220Z [command]/usr/bin/git checkout --progress --force -B main refs/remotes/origin/main
2026-08-29T00:39:32.5299739Z Switched to a new branch 'main'
2026-08-29T00:39:32.5301322Z branch 'main' set up to track 'origin/main'.
2026-08-29T00:39:32.5305267Z ##[endgroup]
2026-08-29T00:39:32.5351157Z [command]/usr/bin/git log -1 --format=%H
2026-08-29T00:39:32.5380920Z f7a0917f06d3c02662233090b8f265ca1e0ff262
2026-08-29T00:39:32.6064431Z ##[group]Run dtolnay/rust-toolchain@stable
2026-08-29T00:39:32.6065615Z with:
2026-08-29T00:39:32.6066442Z   components: clippy, rustfmt
2026-08-29T00:39:32.6067415Z   toolchain: stable
2026-08-29T00:39:32.6068257Z env:
2026-08-29T00:39:32.6069050Z   CARGO_TERM_COLOR: always
2026-08-29T00:39:32.6069998Z   RUSTFLAGS: -D warnings
2026-08-29T00:39:32.6070905Z ##[endgroup]
2026-08-29T00:39:32.6157212Z ##[start-action display=Parse toolchain version;id=__dtolnay_rust-toolchain.parse]
2026-08-29T00:39:32.6230977Z ##[group]Run if [[ -z $toolchain ]]; then
2026-08-29T00:39:32.6232212Z [36;1mif [[ -z $toolchain ]]; then[0m
2026-08-29T00:39:32.6234274Z [36;1m  # GitHub does not enforce `required: true` inputs itself. https://github.com/actions/runner/issues/1070[0m
2026-08-29T00:39:32.6236290Z [36;1m  echo "'toolchain' is a required input" >&2[0m
2026-08-29T00:39:32.6237463Z [36;1m  exit 1[0m
2026-08-29T00:39:32.6238775Z [36;1melif [[ $toolchain =~ ^stable' '[0-9]+' '(year|month|week|day)s?' 'ago$ ]]; then[0m
2026-08-29T00:39:32.6240328Z [36;1m  if [[ Linux == macOS ]]; then[0m
2026-08-29T00:39:32.6242261Z [36;1m    echo "toolchain=1.$((($(date -v-$(sed 's/stable \([0-9]*\) \(.\).*/\1\2/' <<< $toolchain) +%s)/60/60/24-16569)/7/6))" >> $GITHUB_OUTPUT[0m
2026-08-29T00:39:32.6244334Z [36;1m  else[0m
2026-08-29T00:39:32.6245817Z [36;1m    echo "toolchain=1.$((($(date --date "${toolchain#stable }" +%s)/60/60/24-16569)/7/6))" >> $GITHUB_OUTPUT[0m
2026-08-29T00:39:32.6247515Z [36;1m  fi[0m
2026-08-29T00:39:32.6248653Z [36;1melif [[ $toolchain =~ ^stable' 'minus' '[0-9]+' 'releases?$ ]]; then[0m
2026-08-29T00:39:32.6250581Z [36;1m  echo "toolchain=1.$((($(date +%s)/60/60/24-16569)/7/6-${toolchain//[^0-9]/}))" >> $GITHUB_OUTPUT[0m
2026-08-29T00:39:32.6252412Z [36;1melif [[ $toolchain =~ ^1\.[0-9]+$ ]]; then[0m
2026-08-29T00:39:32.6254358Z [36;1m  echo "toolchain=1.$((i=${toolchain#1.}, c=($(date +%s)/60/60/24-16569)/7/6, i+9*i*(10*i<=c)+90*i*(100*i<=c)))" >> $GITHUB_OUTPUT[0m
2026-08-29T00:39:32.6256199Z [36;1melse[0m
2026-08-29T00:39:32.6257146Z [36;1m  echo "toolchain=$toolchain" >> $GITHUB_OUTPUT[0m
2026-08-29T00:39:32.6258282Z [36;1mfi[0m
2026-08-29T00:39:32.6306784Z shell: /usr/bin/bash --noprofile --norc -e -o pipefail {0}
2026-08-29T00:39:32.6308040Z env:
2026-08-29T00:39:32.6308801Z   CARGO_TERM_COLOR: always
2026-08-29T00:39:32.6309717Z   RUSTFLAGS: -D warnings
2026-08-29T00:39:32.6310593Z   toolchain: stable
2026-08-29T00:39:32.6311390Z ##[endgroup]
2026-08-29T00:39:32.6448760Z ##[end-action id=__dtolnay_rust-toolchain.parse;outcome=success;conclusion=success;duration_ms=28]
2026-08-29T00:39:32.6466473Z ##[start-action display=Construct rustup command line;id=__dtolnay_rust-toolchain.flags]
2026-08-29T00:39:32.6514217Z ##[group]Run echo "targets=$(for t in ${targets//,/ }; do echo -n ' --target' $t; done)" >> $GITHUB_OUTPUT
2026-08-29T00:39:32.6516428Z [36;1mecho "targets=$(for t in ${targets//,/ }; do echo -n ' --target' $t; done)" >> $GITHUB_OUTPUT[0m
2026-08-29T00:39:32.6518678Z [36;1mecho "components=$(for c in ${components//,/ }; do echo -n ' --component' $c; done)" >> $GITHUB_OUTPUT[0m
2026-08-29T00:39:32.6520484Z [36;1mecho "downgrade=" >> $GITHUB_OUTPUT[0m
2026-08-29T00:39:32.6560450Z shell: /usr/bin/bash --noprofile --norc -e -o pipefail {0}
2026-08-29T00:39:32.6561706Z env:
2026-08-29T00:39:32.6562581Z   CARGO_TERM_COLOR: always
2026-08-29T00:39:32.6563490Z   RUSTFLAGS: -D warnings
2026-08-29T00:39:32.6564340Z   targets: 
2026-08-29T00:39:32.6565102Z   components: clippy, rustfmt
2026-08-29T00:39:32.6566011Z ##[endgroup]
2026-08-29T00:39:32.6659491Z ##[end-action id=__dtolnay_rust-toolchain.flags;outcome=success;conclusion=success;duration_ms=19]
2026-08-29T00:39:32.6665784Z ##[start-action display=Set $CARGO_HOME;id=__dtolnay_rust-toolchain.__run]
2026-08-29T00:39:32.6702273Z ##[group]Run echo CARGO_HOME=${CARGO_HOME:-"$HOME/.cargo"} >> $GITHUB_ENV
2026-08-29T00:39:32.6704310Z [36;1mecho CARGO_HOME=${CARGO_HOME:-"$HOME/.cargo"} >> $GITHUB_ENV[0m
2026-08-29T00:39:32.6743657Z shell: /usr/bin/bash --noprofile --norc -e -o pipefail {0}
2026-08-29T00:39:32.6744879Z env:
2026-08-29T00:39:32.6745622Z   CARGO_TERM_COLOR: always
2026-08-29T00:39:32.6746527Z   RUSTFLAGS: -D warnings
2026-08-29T00:39:32.6747382Z ##[endgroup]
2026-08-29T00:39:32.6830596Z ##[end-action id=__dtolnay_rust-toolchain.__run;outcome=success;conclusion=success;duration_ms=16]
2026-08-29T00:39:32.6836957Z ##[start-action display=Install rustup if needed;id=__dtolnay_rust-toolchain.__run_2]
2026-08-29T00:39:32.6884788Z ##[group]Run if ! command -v rustup &>/dev/null; then
2026-08-29T00:39:32.6886056Z [36;1mif ! command -v rustup &>/dev/null; then[0m
2026-08-29T00:39:32.6888572Z [36;1m  curl --proto '=https' --tlsv1.2 --retry 10 --retry-connrefused --location --silent --show-error --fail https://sh.rustup.rs | sh -s -- --default-toolchain none -y[0m
2026-08-29T00:39:32.6891090Z [36;1m  echo "$CARGO_HOME/bin" >> $GITHUB_PATH[0m
2026-08-29T00:39:32.6892172Z [36;1mfi[0m
2026-08-29T00:39:32.6931866Z shell: /usr/bin/bash --noprofile --norc -e -o pipefail {0}
2026-08-29T00:39:32.6933375Z env:
2026-08-29T00:39:32.6934141Z   CARGO_TERM_COLOR: always
2026-08-29T00:39:32.6935149Z   RUSTFLAGS: -D warnings
2026-08-29T00:39:32.6936047Z   CARGO_HOME: /home/runner/.cargo
2026-08-29T00:39:32.6936988Z ##[endgroup]
2026-08-29T00:39:32.7018507Z ##[end-action id=__dtolnay_rust-toolchain.__run_2;outcome=success;conclusion=success;duration_ms=17]
2026-08-29T00:39:32.7024982Z ##[start-action display=Install rustup if needed on windows;id=__dtolnay_rust-toolchain.__run_3]
2026-08-29T00:39:32.7039109Z ##[end-action id=__dtolnay_rust-toolchain.__run_3;outcome=skipped;conclusion=skipped;duration_ms=0]
2026-08-29T00:39:32.7054952Z ##[start-action display=rustup toolchain install stable;id=__dtolnay_rust-toolchain.__run_4]
2026-08-29T00:39:32.7092466Z ##[group]Run rustup toolchain install stable --component clippy --component rustfmt --profile minimal --no-self-update
2026-08-29T00:39:32.7095238Z [36;1mrustup toolchain install stable --component clippy --component rustfmt --profile minimal --no-self-update[0m
2026-08-29T00:39:32.7135429Z shell: /usr/bin/bash --noprofile --norc -e -o pipefail {0}
2026-08-29T00:39:32.7136607Z env:
2026-08-29T00:39:32.7137328Z   CARGO_TERM_COLOR: always
2026-08-29T00:39:32.7138219Z   RUSTFLAGS: -D warnings
2026-08-29T00:39:32.7139113Z   CARGO_HOME: /home/runner/.cargo
2026-08-29T00:39:32.7140077Z   RUSTUP_PERMIT_COPY_RENAME: 1
2026-08-29T00:39:32.7140991Z ##[endgroup]
2026-08-29T00:39:33.1098858Z info: syncing channel updates for stable-x86_64-unknown-linux-gnu
2026-08-29T00:39:33.4485559Z info: latest update on 2026-08-20 for version 1.98.0 (88d9e12ae 2026-08-18)
2026-08-29T00:39:33.4731365Z info: component clippy is up to date
2026-08-29T00:39:33.4732207Z info: component rustfmt is up to date
2026-08-29T00:39:33.4746442Z 
2026-08-29T00:39:33.4862801Z   stable-x86_64-unknown-linux-gnu unchanged - rustc 1.98.0 (88d9e12ae 2026-08-18)
2026-08-29T00:39:33.4863364Z 
2026-08-29T00:39:33.4965689Z ##[end-action id=__dtolnay_rust-toolchain.__run_4;outcome=success;conclusion=success;duration_ms=790]
2026-08-29T00:39:33.4975877Z ##[start-action display=rustup default stable;id=__dtolnay_rust-toolchain.__run_5]
2026-08-29T00:39:33.5003238Z ##[group]Run rustup default stable
2026-08-29T00:39:33.5003796Z [36;1mrustup default stable[0m
2026-08-29T00:39:33.5046871Z shell: /usr/bin/bash --noprofile --norc -e -o pipefail {0}
2026-08-29T00:39:33.5047482Z env:
2026-08-29T00:39:33.5047904Z   CARGO_TERM_COLOR: always
2026-08-29T00:39:33.5048371Z   RUSTFLAGS: -D warnings
2026-08-29T00:39:33.5048838Z   CARGO_HOME: /home/runner/.cargo
2026-08-29T00:39:33.5049310Z ##[endgroup]
2026-08-29T00:39:33.5175634Z info: using existing install for stable-x86_64-unknown-linux-gnu
2026-08-29T00:39:33.5181894Z info: default toolchain set to stable-x86_64-unknown-linux-gnu
2026-08-29T00:39:33.5183084Z 
2026-08-29T00:39:33.5272226Z   stable-x86_64-unknown-linux-gnu unchanged - rustc 1.98.0 (88d9e12ae 2026-08-18)
2026-08-29T00:39:33.5273480Z 
2026-08-29T00:39:33.5292920Z ##[end-action id=__dtolnay_rust-toolchain.__run_5;outcome=success;conclusion=success;duration_ms=31]
2026-08-29T00:39:33.5296943Z ##[start-action display=Create cachekey;id=__dtolnay_rust-toolchain.rustc-version]
2026-08-29T00:39:33.5324079Z ##[group]Run DATE=$(rustc +stable --version --verbose | sed -ne 's/^commit-date: \(20[0-9][0-9]\)-\([01][0-9]\)-\([0-3][0-9]\)$/\1\2\3/p')
2026-08-29T00:39:33.5325207Z [36;1mDATE=$(rustc +stable --version --verbose | sed -ne 's/^commit-date: \(20[0-9][0-9]\)-\([01][0-9]\)-\([0-3][0-9]\)$/\1\2\3/p')[0m
2026-08-29T00:39:33.5326120Z [36;1mHASH=$(rustc +stable --version --verbose | sed -ne 's/^commit-hash: //p')[0m
2026-08-29T00:39:33.5326859Z [36;1mecho "cachekey=$(echo $DATE$HASH | head -c12)" >> $GITHUB_OUTPUT[0m
2026-08-29T00:39:33.5370632Z shell: /usr/bin/bash --noprofile --norc -e -o pipefail {0}
2026-08-29T00:39:33.5371216Z env:
2026-08-29T00:39:33.5371608Z   CARGO_TERM_COLOR: always
2026-08-29T00:39:33.5372064Z   RUSTFLAGS: -D warnings
2026-08-29T00:39:33.5372711Z   CARGO_HOME: /home/runner/.cargo
2026-08-29T00:39:33.5373160Z ##[endgroup]
2026-08-29T00:39:33.6087027Z ##[end-action id=__dtolnay_rust-toolchain.rustc-version;outcome=success;conclusion=success;duration_ms=78]
2026-08-29T00:39:33.6091037Z ##[start-action display=Disable incremental compilation;id=__dtolnay_rust-toolchain.__run_6]
2026-08-29T00:39:33.6115721Z ##[group]Run if [ -z "${CARGO_INCREMENTAL+set}" ]; then
2026-08-29T00:39:33.6116342Z [36;1mif [ -z "${CARGO_INCREMENTAL+set}" ]; then[0m
2026-08-29T00:39:33.6116885Z [36;1m  echo CARGO_INCREMENTAL=0 >> $GITHUB_ENV[0m
2026-08-29T00:39:33.6117370Z [36;1mfi[0m
2026-08-29T00:39:33.6160405Z shell: /usr/bin/bash --noprofile --norc -e -o pipefail {0}
2026-08-29T00:39:33.6160954Z env:
2026-08-29T00:39:33.6161349Z   CARGO_TERM_COLOR: always
2026-08-29T00:39:33.6161821Z   RUSTFLAGS: -D warnings
2026-08-29T00:39:33.6162278Z   CARGO_HOME: /home/runner/.cargo
2026-08-29T00:39:33.6162974Z ##[endgroup]
2026-08-29T00:39:33.6259200Z ##[end-action id=__dtolnay_rust-toolchain.__run_6;outcome=success;conclusion=success;duration_ms=16]
2026-08-29T00:39:33.6262708Z ##[start-action display=Enable colors in Cargo output;id=__dtolnay_rust-toolchain.__run_7]
2026-08-29T00:39:33.6286308Z ##[group]Run if [ -z "${CARGO_TERM_COLOR+set}" ]; then
2026-08-29T00:39:33.6286899Z [36;1mif [ -z "${CARGO_TERM_COLOR+set}" ]; then[0m
2026-08-29T00:39:33.6287452Z [36;1m  echo CARGO_TERM_COLOR=always >> $GITHUB_ENV[0m
2026-08-29T00:39:33.6287950Z [36;1mfi[0m
2026-08-29T00:39:33.6327286Z shell: /usr/bin/bash --noprofile --norc -e -o pipefail {0}
2026-08-29T00:39:33.6327840Z env:
2026-08-29T00:39:33.6328232Z   CARGO_TERM_COLOR: always
2026-08-29T00:39:33.6328680Z   RUSTFLAGS: -D warnings
2026-08-29T00:39:33.6329123Z   CARGO_HOME: /home/runner/.cargo
2026-08-29T00:39:33.6329589Z   CARGO_INCREMENTAL: 0
2026-08-29T00:39:33.6330020Z ##[endgroup]
2026-08-29T00:39:33.6400756Z ##[end-action id=__dtolnay_rust-toolchain.__run_7;outcome=success;conclusion=success;duration_ms=13]
2026-08-29T00:39:33.6404224Z ##[start-action display=Enable Cargo sparse registry;id=__dtolnay_rust-toolchain.__run_8]
2026-08-29T00:39:33.6428745Z ##[group]Run # implemented in 1.66, stabilized in 1.68, made default in 1.70
2026-08-29T00:39:33.6429523Z [36;1m# implemented in 1.66, stabilized in 1.68, made default in 1.70[0m
2026-08-29T00:39:33.6430506Z [36;1mif [ -z "${CARGO_REGISTRIES_CRATES_IO_PROTOCOL+set}" -o -f "/home/runner/work/_temp"/.implicit_cargo_registries_crates_io_protocol ]; then[0m
2026-08-29T00:39:33.6431516Z [36;1m  if rustc +stable --version --verbose | grep -q '^release: 1\.6[89]\.'; then[0m
2026-08-29T00:39:33.6432598Z [36;1m    touch "/home/runner/work/_temp"/.implicit_cargo_registries_crates_io_protocol || true[0m
2026-08-29T00:39:33.6433407Z [36;1m    echo CARGO_REGISTRIES_CRATES_IO_PROTOCOL=sparse >> $GITHUB_ENV[0m
2026-08-29T00:39:33.6434361Z [36;1m  elif rustc +stable --version --verbose | grep -q '^release: 1\.6[67]\.'; then[0m
2026-08-29T00:39:33.6435330Z [36;1m    touch "/home/runner/work/_temp"/.implicit_cargo_registries_crates_io_protocol || true[0m
2026-08-29T00:39:33.6436098Z [36;1m    echo CARGO_REGISTRIES_CRATES_IO_PROTOCOL=git >> $GITHUB_ENV[0m
2026-08-29T00:39:33.6436657Z [36;1m  fi[0m
2026-08-29T00:39:33.6437044Z [36;1mfi[0m
2026-08-29T00:39:33.6476973Z shell: /usr/bin/bash --noprofile --norc -e -o pipefail {0}
2026-08-29T00:39:33.6477522Z env:
2026-08-29T00:39:33.6477918Z   CARGO_TERM_COLOR: always
2026-08-29T00:39:33.6478365Z   RUSTFLAGS: -D warnings
2026-08-29T00:39:33.6478802Z   CARGO_HOME: /home/runner/.cargo
2026-08-29T00:39:33.6479257Z   CARGO_INCREMENTAL: 0
2026-08-29T00:39:33.6479662Z ##[endgroup]
2026-08-29T00:39:33.6858117Z ##[end-action id=__dtolnay_rust-toolchain.__run_8;outcome=success;conclusion=success;duration_ms=45]
2026-08-29T00:39:33.6862650Z ##[start-action display=Work around spurious network errors in curl 8.0;id=__dtolnay_rust-toolchain.__run_9]
2026-08-29T00:39:33.6888067Z ##[group]Run # https://rust-lang.zulipchat.com/#narrow/stream/246057-t-cargo/topic/timeout.20investigation
2026-08-29T00:39:33.6889105Z [36;1m# https://rust-lang.zulipchat.com/#narrow/stream/246057-t-cargo/topic/timeout.20investigation[0m
2026-08-29T00:39:33.6889972Z [36;1mif rustc +stable --version --verbose | grep -q '^release: 1\.7[01]\.'; then[0m
2026-08-29T00:39:33.6890673Z [36;1m  echo CARGO_HTTP_MULTIPLEXING=false >> $GITHUB_ENV[0m
2026-08-29T00:39:33.6891205Z [36;1mfi[0m
2026-08-29T00:39:33.6935328Z shell: /usr/bin/bash --noprofile --norc -e -o pipefail {0}
2026-08-29T00:39:33.6935857Z env:
2026-08-29T00:39:33.6936249Z   CARGO_TERM_COLOR: always
2026-08-29T00:39:33.6936681Z   RUSTFLAGS: -D warnings
2026-08-29T00:39:33.6937113Z   CARGO_HOME: /home/runner/.cargo
2026-08-29T00:39:33.6937563Z   CARGO_INCREMENTAL: 0
2026-08-29T00:39:33.6937961Z ##[endgroup]
2026-08-29T00:39:33.7161084Z ##[end-action id=__dtolnay_rust-toolchain.__run_9;outcome=success;conclusion=success;duration_ms=29]
2026-08-29T00:39:33.7166799Z ##[start-action display=rustc +stable --version --verbose;id=__dtolnay_rust-toolchain.__run_10]
2026-08-29T00:39:33.7191086Z ##[group]Run rustc +stable --version --verbose
2026-08-29T00:39:33.7191642Z [36;1mrustc +stable --version --verbose[0m
2026-08-29T00:39:33.7234606Z shell: /usr/bin/bash --noprofile --norc -e -o pipefail {0}
2026-08-29T00:39:33.7235134Z env:
2026-08-29T00:39:33.7235510Z   CARGO_TERM_COLOR: always
2026-08-29T00:39:33.7235935Z   RUSTFLAGS: -D warnings
2026-08-29T00:39:33.7236357Z   CARGO_HOME: /home/runner/.cargo
2026-08-29T00:39:33.7236799Z   CARGO_INCREMENTAL: 0
2026-08-29T00:39:33.7237193Z ##[endgroup]
2026-08-29T00:39:33.7435047Z rustc 1.98.0 (88d9e12ae 2026-08-18)
2026-08-29T00:39:33.7435833Z binary: rustc
2026-08-29T00:39:33.7436496Z commit-hash: 88d9e12ae178fab0fb5cc050a94da85685d449ea
2026-08-29T00:39:33.7437315Z commit-date: 2026-08-18
2026-08-29T00:39:33.7437953Z host: x86_64-unknown-linux-gnu
2026-08-29T00:39:33.7438591Z release: 1.98.0
2026-08-29T00:39:33.7439343Z LLVM version: 22.1.8
2026-08-29T00:39:33.7459183Z ##[end-action id=__dtolnay_rust-toolchain.__run_10;outcome=success;conclusion=success;duration_ms=29]
2026-08-29T00:39:33.7600383Z ##[group]Run Swatinem/rust-cache@v2
2026-08-29T00:39:33.7600860Z with:
2026-08-29T00:39:33.7601242Z   prefix-key: v0-rust
2026-08-29T00:39:33.7601647Z   add-job-id-key: true
2026-08-29T00:39:33.7602077Z   add-rust-environment-hash-key: true
2026-08-29T00:39:33.7602744Z   cache-targets: true
2026-08-29T00:39:33.7603156Z   cache-all-crates: false
2026-08-29T00:39:33.7603589Z   cache-workspace-crates: false
2026-08-29T00:39:33.7604015Z   save-if: true
2026-08-29T00:39:33.7604400Z   cache-provider: github
2026-08-29T00:39:33.7604807Z   cache-bin: true
2026-08-29T00:39:33.7605185Z   lookup-only: false
2026-08-29T00:39:33.7605579Z   cmd-format: {0}
2026-08-29T00:39:33.7605943Z env:
2026-08-29T00:39:33.7606521Z   CARGO_TERM_COLOR: always
2026-08-29T00:39:33.7606953Z   RUSTFLAGS: -D warnings
2026-08-29T00:39:33.7607377Z   CARGO_HOME: /home/runner/.cargo
2026-08-29T00:39:33.7607813Z   CARGO_INCREMENTAL: 0
2026-08-29T00:39:33.7608202Z ##[endgroup]
2026-08-29T00:39:35.1287065Z ##[group]Cache Configuration
2026-08-29T00:39:35.1287459Z Cache Provider:
2026-08-29T00:39:35.1287844Z     github
2026-08-29T00:39:35.1288118Z Workspaces:
2026-08-29T00:39:35.1288417Z     /home/runner/work/tokenloom/tokenloom
2026-08-29T00:39:35.1288997Z Cache Paths:
2026-08-29T00:39:35.1291201Z     /home/runner/.cargo/bin
2026-08-29T00:39:35.1291601Z     /home/runner/.cargo/.crates.toml
2026-08-29T00:39:35.1291998Z     /home/runner/.cargo/.crates2.json
2026-08-29T00:39:35.1292578Z     /home/runner/.cargo/registry
2026-08-29T00:39:35.1292960Z     /home/runner/.cargo/git
2026-08-29T00:39:35.1293413Z     /home/runner/work/tokenloom/tokenloom/target
2026-08-29T00:39:35.1293882Z Restore Key:
2026-08-29T00:39:35.1294235Z     v0-rust-check-Linux-x64-ef590d74
2026-08-29T00:39:35.1294663Z Cache Key:
2026-08-29T00:39:35.1295068Z     v0-rust-check-Linux-x64-ef590d74-1b690416
2026-08-29T00:39:35.1295514Z .. Prefix:
2026-08-29T00:39:35.1295829Z   - v0-rust-check-Linux-x64
2026-08-29T00:39:35.1296232Z .. Environment considered:
2026-08-29T00:39:35.1296787Z   - Rust Versions:
2026-08-29T00:39:35.1313583Z     - 1.98.0 x86_64-unknown-linux-gnu 88d9e12ae178fab0fb5cc050a94da85685d449ea
2026-08-29T00:39:35.1314514Z   - CARGO_HOME
2026-08-29T00:39:35.1315156Z   - CARGO_INCREMENTAL
2026-08-29T00:39:35.1315966Z   - CARGO_TERM_COLOR
2026-08-29T00:39:35.1316371Z   - RUSTFLAGS
2026-08-29T00:39:35.1316726Z .. Lockfiles considered:
2026-08-29T00:39:35.1317369Z   - /home/runner/work/tokenloom/tokenloom/.cargo/config.toml
2026-08-29T00:39:35.1317985Z   - /home/runner/work/tokenloom/tokenloom/Cargo.lock
2026-08-29T00:39:35.1318752Z   - /home/runner/work/tokenloom/tokenloom/crates/tokenloom-core/Cargo.toml
2026-08-29T00:39:35.1319680Z   - /home/runner/work/tokenloom/tokenloom/crates/tokenloom-engines/Cargo.toml
2026-08-29T00:39:35.1320653Z   - /home/runner/work/tokenloom/tokenloom/crates/tokenloom-fetch/Cargo.toml
2026-08-29T00:39:35.1321526Z   - /home/runner/work/tokenloom/tokenloom/crates/tokenloom-output/Cargo.toml
2026-08-29T00:39:35.1322604Z   - /home/runner/work/tokenloom/tokenloom/crates/tokenloom-sanitize/Cargo.toml
2026-08-29T00:39:35.1323445Z   - /home/runner/work/tokenloom/tokenloom/crates/tokenloom/Cargo.toml
2026-08-29T00:39:35.1324152Z   - /home/runner/work/tokenloom/tokenloom/xtask/Cargo.toml
2026-08-29T00:39:35.1324996Z ##[endgroup]
2026-08-29T00:39:35.1325192Z 
2026-08-29T00:39:35.1325350Z ... Restoring cache ...
2026-08-29T00:39:35.1970689Z No cache found.
2026-08-29T00:39:35.2077751Z ##[group]Run cargo fmt --all -- --check
2026-08-29T00:39:35.2078111Z [36;1mcargo fmt --all -- --check[0m
2026-08-29T00:39:35.2125303Z shell: /usr/bin/bash -e {0}
2026-08-29T00:39:35.2125577Z env:
2026-08-29T00:39:35.2125791Z   CARGO_TERM_COLOR: always
2026-08-29T00:39:35.2126068Z   RUSTFLAGS: -D warnings
2026-08-29T00:39:35.2126319Z   CARGO_HOME: /home/runner/.cargo
2026-08-29T00:39:35.2126576Z   CARGO_INCREMENTAL: 0
2026-08-29T00:39:35.2126804Z   CACHE_ON_FAILURE: false
2026-08-29T00:39:35.2127029Z ##[endgroup]
2026-08-29T00:39:36.3044927Z ##[group]Run cargo check --workspace --all-targets
2026-08-29T00:39:36.3045502Z [36;1mcargo check --workspace --all-targets[0m
2026-08-29T00:39:36.3086907Z shell: /usr/bin/bash -e {0}
2026-08-29T00:39:36.3147503Z env:
2026-08-29T00:39:36.3147750Z   CARGO_TERM_COLOR: always
2026-08-29T00:39:36.3148027Z   RUSTFLAGS: -D warnings
2026-08-29T00:39:36.3148287Z   CARGO_HOME: /home/runner/.cargo
2026-08-29T00:39:36.3148562Z   CARGO_INCREMENTAL: 0
2026-08-29T00:39:36.3148791Z   CACHE_ON_FAILURE: false
2026-08-29T00:39:36.3149017Z ##[endgroup]
2026-08-29T00:39:36.6060605Z [1m[92m    Updating[0m crates.io index
2026-08-29T00:39:37.8036674Z [1m[92m Downloading[0m crates ...
2026-08-29T00:39:37.8658902Z [1m[92m  Downloaded[0m phf_codegen v0.10.0
2026-08-29T00:39:37.8819381Z [1m[92m  Downloaded[0m no-std-compat v0.4.1
2026-08-29T00:39:37.8832971Z [1m[92m  Downloaded[0m phf v0.8.0
2026-08-29T00:39:37.8843805Z [1m[92m  Downloaded[0m phf_macros v0.13.1
2026-08-29T00:39:37.8857689Z [1m[92m  Downloaded[0m servo_arc v0.4.3
2026-08-29T00:39:37.8867497Z [1m[92m  Downloaded[0m proc-macro-hack v0.5.20+deprecated
2026-08-29T00:39:37.8908551Z [1m[92m  Downloaded[0m siphasher v0.3.11
2026-08-29T00:39:37.8933545Z [1m[92m  Downloaded[0m phf_shared v0.11.3
2026-08-29T00:39:37.8963409Z [1m[92m  Downloaded[0m adler2 v2.0.1
2026-08-29T00:39:37.8964252Z [1m[92m  Downloaded[0m mio v1.2.2
2026-08-29T00:39:37.9048553Z [1m[92m  Downloaded[0m selectors v0.22.0
2026-08-29T00:39:37.9071102Z [1m[92m  Downloaded[0m serde_derive v1.0.229
2026-08-29T00:39:37.9114031Z [1m[92m  Downloaded[0m rand v0.7.3
2026-08-29T00:39:37.9186536Z [1m[92m  Downloaded[0m phf_generator v0.13.1
2026-08-29T00:39:37.9201857Z [1m[92m  Downloaded[0m pkg-config v0.3.34
2026-08-29T00:39:37.9223713Z [1m[92m  Downloaded[0m anstyle-query v1.1.5
2026-08-29T00:39:37.9335979Z [1m[92m  Downloaded[0m compression-core v0.4.32
2026-08-29T00:39:37.9350113Z [1m[92m  Downloaded[0m new_debug_unreachable v1.0.6
2026-08-29T00:39:37.9364294Z [1m[92m  Downloaded[0m phf_codegen v0.8.0
2026-08-29T00:39:37.9371585Z [1m[92m  Downloaded[0m rand_pcg v0.2.1
2026-08-29T00:39:37.9389938Z [1m[92m  Downloaded[0m rusqlite v0.32.1
2026-08-29T00:39:37.9479135Z [1m[92m  Downloaded[0m crc32fast v1.5.1
2026-08-29T00:39:37.9504918Z [1m[92m  Downloaded[0m data-encoding v2.11.1
2026-08-29T00:39:37.9517615Z [1m[92m  Downloaded[0m futf v0.1.5
2026-08-29T00:39:37.9531429Z [1m[92m  Downloaded[0m phf_generator v0.8.0
2026-08-29T00:39:37.9545350Z [1m[92m  Downloaded[0m rustix v1.1.4
2026-08-29T00:39:37.9896155Z [1m[92m  Downloaded[0m enum-as-inner v0.6.1
2026-08-29T00:39:37.9914964Z [1m[92m  Downloaded[0m nodrop v0.1.14
2026-08-29T00:39:37.9924378Z [1m[92m  Downloaded[0m nom v8.0.0
2026-08-29T00:39:37.9986539Z [1m[92m  Downloaded[0m phf_codegen v0.13.1
2026-08-29T00:39:37.9996842Z [1m[92m  Downloaded[0m phf_generator v0.10.0
2026-08-29T00:39:38.0009798Z [1m[92m  Downloaded[0m phf_shared v0.10.0
2026-08-29T00:39:38.0017342Z [1m[92m  Downloaded[0m quinn-udp v0.5.15
2026-08-29T00:39:38.0044555Z [1m[92m  Downloaded[0m rustls-pki-types v1.15.1
2026-08-29T00:39:38.0078750Z [1m[92m  Downloaded[0m cc v1.4.4
2026-08-29T00:39:38.0121242Z [1m[92m  Downloaded[0m heck v0.5.0
2026-08-29T00:39:38.0136744Z [1m[92m  Downloaded[0m idna_adapter v1.2.2
2026-08-29T00:39:38.0146986Z [1m[92m  Downloaded[0m cssparser-macros v0.7.0
2026-08-29T00:39:38.0158188Z [1m[92m  Downloaded[0m rand_chacha v0.9.0
2026-08-29T00:39:38.0172804Z [1m[92m  Downloaded[0m phf_shared v0.13.1
2026-08-29T00:39:38.0183448Z [1m[92m  Downloaded[0m ppv-lite86 v0.2.21
2026-08-29T00:39:38.0197826Z [1m[92m  Downloaded[0m regex v1.13.1
2026-08-29T00:39:38.0265329Z [1m[92m  Downloaded[0m cfg-if v1.0.4
2026-08-29T00:39:38.0282142Z [1m[92m  Downloaded[0m dashmap v5.5.3
2026-08-29T00:39:38.0310090Z [1m[92m  Downloaded[0m futures-io v0.3.34
2026-08-29T00:39:38.0322840Z [1m[92m  Downloaded[0m html5ever v0.39.0
2026-08-29T00:39:38.0364233Z [1m[92m  Downloaded[0m selectors v0.38.0
2026-08-29T00:39:38.0394587Z [1m[92m  Downloaded[0m serde_urlencoded v0.7.1
2026-08-29T00:39:38.0417447Z [1m[92m  Downloaded[0m clap_builder v4.6.6
2026-08-29T00:39:38.0515796Z [1m[92m  Downloaded[0m cssparser-macros v0.6.1
2026-08-29T00:39:38.0531989Z [1m[92m  Downloaded[0m markup5ever_rcdom v0.38.0+unofficial
2026-08-29T00:39:38.0544218Z [1m[92m  Downloaded[0m phf_generator v0.11.3
2026-08-29T00:39:38.0559720Z [1m[92m  Downloaded[0m phf_macros v0.11.3
2026-08-29T00:39:38.0573388Z [1m[92m  Downloaded[0m proc-macro2 v1.0.107
2026-08-29T00:39:38.0620543Z [1m[92m  Downloaded[0m quanta v0.12.6
2026-08-29T00:39:38.0659371Z [1m[92m  Downloaded[0m rand_core v0.6.4
2026-08-29T00:39:38.0676368Z [1m[92m  Downloaded[0m roxmltree v0.20.0
2026-08-29T00:39:38.0845080Z [1m[92m  Downloaded[0m selectors v0.25.0
2026-08-29T00:39:38.0868040Z [1m[92m  Downloaded[0m sharded-slab v0.1.7
2026-08-29T00:39:38.0914328Z [1m[92m  Downloaded[0m cfg_aliases v0.2.2
2026-08-29T00:39:38.0924989Z [1m[92m  Downloaded[0m clap_derive v4.6.4
2026-08-29T00:39:38.0948760Z [1m[92m  Downloaded[0m cssparser v0.31.2
2026-08-29T00:39:38.0975061Z [1m[92m  Downloaded[0m miniz_oxide v0.9.1
2026-08-29T00:39:38.1005578Z [1m[92m  Downloaded[0m parking_lot v0.12.5
2026-08-29T00:39:38.1032754Z [1m[92m  Downloaded[0m compression-codecs v0.4.38
2026-08-29T00:39:38.1076717Z [1m[92m  Downloaded[0m crossbeam-utils v0.8.22
2026-08-29T00:39:38.1107818Z [1m[92m  Downloaded[0m derive_more v2.1.1
2026-08-29T00:39:38.1248291Z [1m[92m  Downloaded[0m phf v0.13.1
2026-08-29T00:39:38.1261731Z [1m[92m  Downloaded[0m portable-atomic v1.15.0
2026-08-29T00:39:38.1340545Z [1m[92m  Downloaded[0m rand_core v0.9.5
2026-08-29T00:39:38.1354952Z [1m[92m  Downloaded[0m rand_core v0.10.1
2026-08-29T00:39:38.1371403Z [1m[92m  Downloaded[0m reqwest v0.12.28
2026-08-29T00:39:38.1429583Z [1m[92m  Downloaded[0m resolv-conf v0.7.6
2026-08-29T00:39:38.1447640Z [1m[92m  Downloaded[0m rustc-hash v2.1.3
2026-08-29T00:39:38.1461208Z [1m[92m  Downloaded[0m rustls-webpki v0.103.15
2026-08-29T00:39:38.1493667Z [1m[92m  Downloaded[0m scraper v0.20.0
2026-08-29T00:39:38.1519143Z [1m[92m  Downloaded[0m semver v1.0.28
2026-08-29T00:39:38.1543637Z [1m[92m  Downloaded[0m serde_json v1.0.151
2026-08-29T00:39:38.1621176Z [1m[92m  Downloaded[0m serde_spanned v0.6.9
2026-08-29T00:39:38.1631962Z [1m[92m  Downloaded[0m bytes v1.12.1
2026-08-29T00:39:38.1669352Z [1m[92m  Downloaded[0m cssparser v0.27.2
2026-08-29T00:39:38.1695370Z [1m[92m  Downloaded[0m derive_more v0.99.20
2026-08-29T00:39:38.1746476Z [1m[92m  Downloaded[0m slab v0.4.12
2026-08-29T00:39:38.1760493Z [1m[92m  Downloaded[0m anstyle v1.0.14
2026-08-29T00:39:38.1775285Z [1m[92m  Downloaded[0m chacha20 v0.10.2
2026-08-29T00:39:38.1800897Z [1m[92m  Downloaded[0m convert_case v0.4.0
2026-08-29T00:39:38.1810321Z [1m[92m  Downloaded[0m cssparser v0.37.0
2026-08-29T00:39:38.1835525Z [1m[92m  Downloaded[0m num_cpus v1.17.0
2026-08-29T00:39:38.1870067Z [1m[92m  Downloaded[0m percent-encoding v2.3.2
2026-08-29T00:39:38.1879158Z [1m[92m  Downloaded[0m rand v0.8.8
2026-08-29T00:39:38.1914442Z [1m[92m  Downloaded[0m lru-slab v0.1.2
2026-08-29T00:39:38.1923190Z [1m[92m  Downloaded[0m phf_codegen v0.11.3
2026-08-29T00:39:38.1931953Z [1m[92m  Downloaded[0m rand v0.9.5
2026-08-29T00:39:38.1971720Z [1m[92m  Downloaded[0m rand_pcg v0.10.2
2026-08-29T00:39:38.1987219Z [1m[92m  Downloaded[0m rusty-fork v0.3.1
2026-08-29T00:39:38.2002905Z [1m[92m  Downloaded[0m scopeguard v1.2.0
2026-08-29T00:39:38.2015481Z [1m[92m  Downloaded[0m tempfile v3.27.0
2026-08-29T00:39:38.2042556Z [1m[92m  Downloaded[0m zmij v1.0.23
2026-08-29T00:39:38.2062003Z [1m[92m  Downloaded[0m clap_lex v1.1.0
2026-08-29T00:39:38.2073864Z [1m[92m  Downloaded[0m nu-ansi-term v0.50.3
2026-08-29T00:39:38.2099219Z [1m[92m  Downloaded[0m phf v0.10.1
2026-08-29T00:39:38.2108823Z [1m[92m  Downloaded[0m quinn-proto v0.11.17
2026-08-29T00:39:38.2179800Z [1m[92m  Downloaded[0m rand_chacha v0.2.2
2026-08-29T00:39:38.2191507Z [1m[92m  Downloaded[0m shlex v2.0.1
2026-08-29T00:39:38.2205055Z [1m[92m  Downloaded[0m num-traits v0.2.19
2026-08-29T00:39:38.2232860Z [1m[92m  Downloaded[0m rand_xorshift v0.4.0
2026-08-29T00:39:38.2244109Z [1m[92m  Downloaded[0m rustc_version v0.4.1
2026-08-29T00:39:38.2257543Z [1m[92m  Downloaded[0m once_cell v1.21.4
2026-08-29T00:39:38.2284166Z [1m[92m  Downloaded[0m phf v0.11.3
2026-08-29T00:39:38.2297346Z [1m[92m  Downloaded[0m pin-project-lite v0.2.17
2026-08-29T00:39:38.2360799Z [1m[92m  Downloaded[0m simd-adler32 v0.3.10
2026-08-29T00:39:38.2380470Z [1m[92m  Downloaded[0m siphasher v1.0.3
2026-08-29T00:39:38.2395350Z [1m[92m  Downloaded[0m toml_write v0.1.2
2026-08-29T00:39:38.2409513Z [1m[92m  Downloaded[0m deadpool-runtime v0.1.4
2026-08-29T00:39:38.2419197Z [1m[92m  Downloaded[0m phf_macros v0.8.0
2026-08-29T00:39:38.2432470Z [1m[92m  Downloaded[0m servo_arc v0.1.1
2026-08-29T00:39:38.2438287Z [1m[92m  Downloaded[0m quote v1.0.47
2026-08-29T00:39:38.2466705Z [1m[92m  Downloaded[0m nonzero_ext v0.3.0
2026-08-29T00:39:38.2514709Z [1m[92m  Downloaded[0m chardetng v0.1.17
2026-08-29T00:39:38.2536916Z [1m[92m  Downloaded[0m clap v4.6.6
2026-08-29T00:39:38.2669638Z [1m[92m  Downloaded[0m derive_more-impl v2.1.1
2026-08-29T00:39:38.2726997Z [1m[92m  Downloaded[0m parking_lot_core v0.9.12
2026-08-29T00:39:38.2749493Z [1m[92m  Downloaded[0m potential_utf v0.1.6
2026-08-29T00:39:38.2761542Z [1m[92m  Downloaded[0m futures-sink v0.3.34
2026-08-29T00:39:38.2770939Z [1m[92m  Downloaded[0m getrandom v0.1.16
2026-08-29T00:39:38.2797480Z [1m[92m  Downloaded[0m http-body v1.1.0
2026-08-29T00:39:38.2808902Z [1m[92m  Downloaded[0m bitflags v2.13.1
2026-08-29T00:39:38.2857265Z [1m[92m  Downloaded[0m itoa v0.4.8
2026-08-29T00:39:38.2872759Z [1m[92m  Downloaded[0m maplit v1.0.2
2026-08-29T00:39:38.2882921Z [1m[92m  Downloaded[0m lazycell v1.3.0
2026-08-29T00:39:38.2893505Z [1m[92m  Downloaded[0m ryu v1.0.23
2026-08-29T00:39:38.2928452Z [1m[92m  Downloaded[0m synstructure v0.13.2
2026-08-29T00:39:38.2939747Z [1m[92m  Downloaded[0m utf8_iter v1.0.4
2026-08-29T00:39:38.2950998Z [1m[92m  Downloaded[0m async-trait v0.1.92
2026-08-29T00:39:38.2990719Z [1m[92m  Downloaded[0m quinn v0.11.11
2026-08-29T00:39:38.3027169Z [1m[92m  Downloaded[0m serde v1.0.229
2026-08-29T00:39:38.3066470Z [1m[92m  Downloaded[0m string_cache v0.9.0
2026-08-29T00:39:38.3083206Z [1m[92m  Downloaded[0m thiserror v2.0.20
2026-08-29T00:39:38.3152909Z [1m[92m  Downloaded[0m writeable v0.6.4
2026-08-29T00:39:38.3175045Z [1m[92m  Downloaded[0m colorchoice v1.0.5
2026-08-29T00:39:38.3185577Z [1m[92m  Downloaded[0m futures-macro v0.3.34
2026-08-29T00:39:38.3197065Z [1m[92m  Downloaded[0m quick-error v1.2.3
2026-08-29T00:39:38.3209846Z [1m[92m  Downloaded[0m rand_core v0.5.1
2026-08-29T00:39:38.3223617Z [1m[92m  Downloaded[0m zerofrom-derive v0.1.7
2026-08-29T00:39:38.3234228Z [1m[92m  Downloaded[0m ammonia v4.1.4
2026-08-29T00:39:38.3261263Z [1m[92m  Downloaded[0m litemap v0.8.3
2026-08-29T00:39:38.3285843Z [1m[92m  Downloaded[0m serde_core v1.0.229
2026-08-29T00:39:38.3314684Z [1m[92m  Downloaded[0m mime v0.3.17
2026-08-29T00:39:38.3328470Z [1m[92m  Downloaded[0m rand v0.10.2
2026-08-29T00:39:38.3368093Z [1m[92m  Downloaded[0m futures-timer v3.0.4
2026-08-29T00:39:38.3388941Z [1m[92m  Downloaded[0m getopts v0.2.24
2026-08-29T00:39:38.3407833Z [1m[92m  Downloaded[0m rand_chacha v0.3.1
2026-08-29T00:39:38.3419542Z [1m[92m  Downloaded[0m lru-cache v0.1.2
2026-08-29T00:39:38.3430721Z [1m[92m  Downloaded[0m signal-hook-registry v1.4.8
2026-08-29T00:39:38.3443281Z [1m[92m  Downloaded[0m spinning_top v0.3.0
2026-08-29T00:39:38.3459227Z [1m[92m  Downloaded[0m raw-cpuid v11.6.0
2026-08-29T00:39:38.3495546Z [1m[92m  Downloaded[0m servo_arc v0.3.0
2026-08-29T00:39:38.3503806Z [1m[92m  Downloaded[0m bit-set v0.8.0
2026-08-29T00:39:38.3516887Z [1m[92m  Downloaded[0m string_cache_codegen v0.6.1
2026-08-29T00:39:38.3524405Z [1m[92m  Downloaded[0m tendril v0.4.3
2026-08-29T00:39:38.3543834Z [1m[92m  Downloaded[0m thread_local v1.1.10
2026-08-29T00:39:38.3557509Z [1m[92m  Downloaded[0m tower-layer v0.3.3
2026-08-29T00:39:38.3567388Z [1m[92m  Downloaded[0m displaydoc v0.2.7
2026-08-29T00:39:38.3588634Z [1m[92m  Downloaded[0m fallible-streaming-iterator v0.1.9
2026-08-29T00:39:38.3598206Z [1m[92m  Downloaded[0m precomputed-hash v0.1.1
2026-08-29T00:39:38.3604419Z [1m[92m  Downloaded[0m strsim v0.11.1
2026-08-29T00:39:38.3617343Z [1m[92m  Downloaded[0m utf-8 v0.7.6
2026-08-29T00:39:38.3632509Z [1m[92m  Downloaded[0m ahash v0.8.12
2026-08-29T00:39:38.3657249Z [1m[92m  Downloaded[0m lazy_static v1.5.0
2026-08-29T00:39:38.3675926Z [1m[92m  Downloaded[0m proptest v1.11.0
2026-08-29T00:39:38.3779177Z [1m[92m  Downloaded[0m string_cache_codegen v0.5.4
2026-08-29T00:39:38.3787083Z [1m[92m  Downloaded[0m subtle v2.6.1
2026-08-29T00:39:38.3799311Z [1m[92m  Downloaded[0m toml_datetime v0.6.11
2026-08-29T00:39:38.3810960Z [1m[92m  Downloaded[0m zerotrie v0.2.5
2026-08-29T00:39:38.3853086Z [1m[92m  Downloaded[0m aho-corasick v1.1.5
2026-08-29T00:39:38.3908884Z [1m[92m  Downloaded[0m lock_api v0.4.14
2026-08-29T00:39:38.3921953Z [1m[92m  Downloaded[0m phf_shared v0.8.0
2026-08-29T00:39:38.3928716Z [1m[92m  Downloaded[0m unicode-normalization v0.1.25
2026-08-29T00:39:38.3965196Z [1m[92m  Downloaded[0m alloc-stdlib v0.2.4
2026-08-29T00:39:38.3977564Z [1m[92m  Downloaded[0m tower v0.5.3
2026-08-29T00:39:38.4087214Z [1m[92m  Downloaded[0m unicode-segmentation v1.13.3
2026-08-29T00:39:38.4117378Z [1m[92m  Downloaded[0m tracing-subscriber v0.3.23
2026-08-29T00:39:38.4205755Z [1m[92m  Downloaded[0m utf8parse v0.2.2
2026-08-29T00:39:38.4216293Z [1m[92m  Downloaded[0m webpki-roots v1.0.9
2026-08-29T00:39:38.4248578Z [1m[92m  Downloaded[0m cpufeatures v0.3.1
2026-08-29T00:39:38.4264428Z [1m[92m  Downloaded[0m dtoa-short v0.3.5
2026-08-29T00:39:38.4273214Z [1m[92m  Downloaded[0m equivalent v1.0.2
2026-08-29T00:39:38.4284119Z [1m[92m  Downloaded[0m fastrand v2.5.0
2026-08-29T00:39:38.4298910Z [1m[92m  Downloaded[0m futures-task v0.3.34
2026-08-29T00:39:38.4311753Z [1m[92m  Downloaded[0m string_cache v0.8.9
2026-08-29T00:39:38.4328536Z [1m[92m  Downloaded[0m tower-service v0.3.3
2026-08-29T00:39:38.4336997Z [1m[92m  Downloaded[0m syn v2.0.119
2026-08-29T00:39:38.4448591Z [1m[92m  Downloaded[0m tendril v0.5.1
2026-08-29T00:39:38.4469367Z [1m[92m  Downloaded[0m errno v0.3.14
2026-08-29T00:39:38.4485578Z [1m[92m  Downloaded[0m matchers v0.2.0
2026-08-29T00:39:38.4497275Z [1m[92m  Downloaded[0m matches v0.1.10
2026-08-29T00:39:38.4505721Z [1m[92m  Downloaded[0m memchr v2.8.3
2026-08-29T00:39:38.4564476Z [1m[92m  Downloaded[0m rustls v0.23.43
2026-08-29T00:39:38.4690190Z [1m[92m  Downloaded[0m smallvec v1.15.2
2026-08-29T00:39:38.4706799Z [1m[92m  Downloaded[0m tinystr v0.8.4
2026-08-29T00:39:38.4729434Z [1m[92m  Downloaded[0m tokio-util v0.7.19
2026-08-29T00:39:38.4814086Z [1m[92m  Downloaded[0m unicode-width v0.2.2
2026-08-29T00:39:38.4872775Z [1m[92m  Downloaded[0m untrusted v0.9.0
2026-08-29T00:39:38.4890563Z [1m[92m  Downloaded[0m deadpool v0.12.3
2026-08-29T00:39:38.4922698Z [1m[92m  Downloaded[0m getrandom v0.3.4
2026-08-29T00:39:38.4959424Z [1m[92m  Downloaded[0m hickory-resolver v0.24.4
2026-08-29T00:39:38.5001839Z [1m[92m  Downloaded[0m tinyvec v1.12.0
2026-08-29T00:39:38.5030164Z [1m[92m  Downloaded[0m stable_deref_trait v1.2.1
2026-08-29T00:39:38.5039912Z [1m[92m  Downloaded[0m regex-syntax v0.8.11
2026-08-29T00:39:38.5111033Z [1m[92m  Downloaded[0m tracing-log v0.2.0
2026-08-29T00:39:38.5125657Z [1m[92m  Downloaded[0m tracing-core v0.1.36
2026-08-29T00:39:38.5154260Z [1m[92m  Downloaded[0m wait-timeout v0.2.1
2026-08-29T00:39:38.5171325Z [1m[92m  Downloaded[0m want v0.3.1
2026-08-29T00:39:38.5181339Z [1m[92m  Downloaded[0m fxhash v0.2.1
2026-08-29T00:39:38.5188600Z [1m[92m  Downloaded[0m hashlink v0.9.1
2026-08-29T00:39:38.5207561Z [1m[92m  Downloaded[0m unarray v0.1.4
2026-08-29T00:39:38.5220854Z [1m[92m  Downloaded[0m tower-http v0.6.11
2026-08-29T00:39:38.5321253Z [1m[92m  Downloaded[0m find-msvc-tools v0.1.11
2026-08-29T00:39:38.5338702Z [1m[92m  Downloaded[0m futures-core v0.3.34
2026-08-29T00:39:38.5354278Z [1m[92m  Downloaded[0m httpdate v1.0.3
2026-08-29T00:39:38.5367720Z [1m[92m  Downloaded[0m mac v0.1.1
2026-08-29T00:39:38.5378468Z [1m[92m  Downloaded[0m fnv v1.0.7
2026-08-29T00:39:38.5387963Z [1m[92m  Downloaded[0m form_urlencoded v1.2.2
2026-08-29T00:39:38.5396775Z [1m[92m  Downloaded[0m thiserror v1.0.69
2026-08-29T00:39:38.5456101Z [1m[92m  Downloaded[0m xml5ever v0.38.0
2026-08-29T00:39:38.5483759Z [1m[92m  Downloaded[0m tokio-macros v2.7.2
2026-08-29T00:39:38.5495339Z [1m[92m  Downloaded[0m toml_edit v0.22.27
2026-08-29T00:39:38.5541505Z [1m[92m  Downloaded[0m wiremock v0.6.5
2026-08-29T00:39:38.5575615Z [1m[92m  Downloaded[0m zerofrom v0.1.8
2026-08-29T00:39:38.5586068Z [1m[92m  Downloaded[0m dtoa v1.0.11
2026-08-29T00:39:38.5603131Z [1m[92m  Downloaded[0m fallible-iterator v0.3.0
2026-08-29T00:39:38.5616445Z [1m[92m  Downloaded[0m thiserror-impl v1.0.69
2026-08-29T00:39:38.5631163Z [1m[92m  Downloaded[0m thiserror-impl v2.0.20
2026-08-29T00:39:38.5646613Z [1m[92m  Downloaded[0m unicode-ident v1.0.24
2026-08-29T00:39:38.5676076Z [1m[92m  Downloaded[0m url v2.5.8
2026-08-29T00:39:38.5703666Z [1m[92m  Downloaded[0m zstd v0.13.3
2026-08-29T00:39:38.5735318Z [1m[92m  Downloaded[0m flagset v0.4.7
2026-08-29T00:39:38.5751221Z [1m[92m  Downloaded[0m html-escape v0.2.15
2026-08-29T00:39:38.5773981Z [1m[92m  Downloaded[0m socket2 v0.6.5
2026-08-29T00:39:38.5793078Z [1m[92m  Downloaded[0m tracing v0.1.44
2026-08-29T00:39:38.5959992Z [1m[92m  Downloaded[0m version_check v0.9.5
2026-08-29T00:39:38.5973905Z [1m[92m  Downloaded[0m yoke-derive v0.8.2
2026-08-29T00:39:38.5985970Z [1m[92m  Downloaded[0m zerovec v0.11.8
2026-08-29T00:39:38.6050055Z [1m[92m  Downloaded[0m futures-channel v0.3.34
2026-08-29T00:39:38.6070583Z [1m[92m  Downloaded[0m futures-executor v0.3.34
2026-08-29T00:39:38.6085642Z [1m[92m  Downloaded[0m markup5ever v0.38.0
2026-08-29T00:39:38.6097492Z [1m[92m  Downloaded[0m tinyvec_macros v0.1.1
2026-08-29T00:39:38.6106244Z [1m[92m  Downloaded[0m ego-tree v0.6.3
2026-08-29T00:39:38.6120498Z [1m[92m  Downloaded[0m foldhash v0.2.0
2026-08-29T00:39:38.6133821Z [1m[92m  Downloaded[0m http-body-util v0.1.5
2026-08-29T00:39:38.6154757Z [1m[92m  Downloaded[0m ipnet v2.12.1
2026-08-29T00:39:38.6172718Z [1m[92m  Downloaded[0m lol_html v1.2.1
2026-08-29T00:39:38.8042005Z [1m[92m  Downloaded[0m zstd-safe v7.2.4
2026-08-29T00:39:38.8059681Z [1m[92m  Downloaded[0m itoa v1.0.18
2026-08-29T00:39:38.8074845Z [1m[92m  Downloaded[0m toml v0.8.23
2026-08-29T00:39:38.8099966Z [1m[92m  Downloaded[0m web_atoms v0.2.6
2026-08-29T00:39:38.8111659Z [1m[92m  Downloaded[0m thin-slice v0.1.1
2026-08-29T00:39:38.8118741Z [1m[92m  Downloaded[0m flate2 v1.1.10
2026-08-29T00:39:38.8170165Z [1m[92m  Downloaded[0m getrandom v0.2.17
2026-08-29T00:39:38.8201225Z [1m[92m  Downloaded[0m assert-json-diff v2.0.2
2026-08-29T00:39:38.8216641Z [1m[92m  Downloaded[0m try-lock v0.2.5
2026-08-29T00:39:38.8226401Z [1m[92m  Downloaded[0m anstyle-parse v1.0.0
2026-08-29T00:39:38.8243252Z [1m[92m  Downloaded[0m zstd-sys v2.0.16+zstd.1.5.7
2026-08-29T00:39:38.8416709Z [1m[92m  Downloaded[0m hyper-rustls v0.27.9
2026-08-29T00:39:38.8431603Z [1m[92m  Downloaded[0m markup5ever v0.39.0
2026-08-29T00:39:38.8444147Z [1m[92m  Downloaded[0m brotli v8.0.4
2026-08-29T00:39:38.8598313Z [1m[92m  Downloaded[0m regex-automata v0.4.18
2026-08-29T00:39:38.8747496Z [1m[92m  Downloaded[0m ring v0.17.14
2026-08-29T00:39:38.9186847Z [1m[92m  Downloaded[0m autocfg v1.5.1
2026-08-29T00:39:38.9206276Z [1m[92m  Downloaded[0m syn v3.0.4
2026-08-29T00:39:38.9317614Z [1m[92m  Downloaded[0m tokio-rustls v0.26.4
2026-08-29T00:39:38.9339472Z [1m[92m  Downloaded[0m anstream v1.0.0
2026-08-29T00:39:38.9361045Z [1m[92m  Downloaded[0m getrandom v0.4.3
2026-08-29T00:39:38.9401402Z [1m[92m  Downloaded[0m html5ever v0.27.0
2026-08-29T00:39:38.9438725Z [1m[92m  Downloaded[0m httparse v1.10.1
2026-08-29T00:39:38.9464755Z [1m[92m  Downloaded[0m icu_locale_core v2.3.0
2026-08-29T00:39:38.9540678Z [1m[92m  Downloaded[0m icu_provider v2.3.1
2026-08-29T00:39:38.9568627Z [1m[92m  Downloaded[0m markup5ever v0.12.1
2026-08-29T00:39:38.9585860Z [1m[92m  Downloaded[0m tracing-attributes v0.1.31
2026-08-29T00:39:38.9613588Z [1m[92m  Downloaded[0m anyhow v1.0.104
2026-08-29T00:39:38.9655738Z [1m[92m  Downloaded[0m bit-vec v0.8.0
2026-08-29T00:39:38.9672924Z [1m[92m  Downloaded[0m byteorder v1.5.0
2026-08-29T00:39:38.9689517Z [1m[92m  Downloaded[0m dom_smoothie v0.18.0
2026-08-29T00:39:38.9718538Z [1m[92m  Downloaded[0m futures v0.3.34
2026-08-29T00:39:38.9772262Z [1m[92m  Downloaded[0m zeroize v1.9.0
2026-08-29T00:39:38.9788925Z [1m[92m  Downloaded[0m icu_normalizer_data v2.3.0
2026-08-29T00:39:38.9810976Z [1m[92m  Downloaded[0m jobserver v0.1.35
2026-08-29T00:39:38.9830580Z [1m[92m  Downloaded[0m sync_wrapper v1.0.2
2026-08-29T00:39:38.9839226Z [1m[92m  Downloaded[0m alloc-no-stdlib v2.0.4
2026-08-29T00:39:38.9856669Z [1m[92m  Downloaded[0m linked-hash-map v0.5.6
2026-08-29T00:39:38.9867647Z [1m[92m  Downloaded[0m html5ever v0.38.0
2026-08-29T00:39:38.9905119Z [1m[92m  Downloaded[0m http v1.5.0
2026-08-29T00:39:38.9944090Z [1m[92m  Downloaded[0m hyper-util v0.1.20
2026-08-29T00:39:39.0009631Z [1m[92m  Downloaded[0m icu_collections v2.3.0
2026-08-29T00:39:39.0075703Z [1m[92m  Downloaded[0m idna v1.1.0
2026-08-29T00:39:39.0114260Z [1m[92m  Downloaded[0m is_terminal_polyfill v1.70.2
2026-08-29T00:39:39.0124312Z [1m[92m  Downloaded[0m zerovec-derive v0.11.6
2026-08-29T00:39:39.0142612Z [1m[92m  Downloaded[0m dom_query v0.28.0
2026-08-29T00:39:39.0195049Z [1m[92m  Downloaded[0m hashbrown v0.17.1
2026-08-29T00:39:39.0250276Z [1m[92m  Downloaded[0m hyper v1.11.1
2026-08-29T00:39:39.0323965Z [1m[92m  Downloaded[0m hashbrown v0.13.2
2026-08-29T00:39:39.0364584Z [1m[92m  Downloaded[0m icu_properties v2.3.0
2026-08-29T00:39:39.0397576Z [1m[92m  Downloaded[0m indexmap v2.14.0
2026-08-29T00:39:39.0443107Z [1m[92m  Downloaded[0m yoke v0.8.3
2026-08-29T00:39:39.0462499Z [1m[92m  Downloaded[0m async-compression v0.4.43
2026-08-29T00:39:39.0537802Z [1m[92m  Downloaded[0m base64 v0.22.1
2026-08-29T00:39:39.0579221Z [1m[92m  Downloaded[0m hashbrown v0.14.5
2026-08-29T00:39:39.0628506Z [1m[92m  Downloaded[0m brotli-decompressor v5.0.3
2026-08-29T00:39:39.0688692Z [1m[92m  Downloaded[0m governor v0.6.3
2026-08-29T00:39:39.0730519Z [1m[92m  Downloaded[0m icu_properties_data v2.3.0
2026-08-29T00:39:39.0843009Z [1m[92m  Downloaded[0m futures-util v0.3.34
2026-08-29T00:39:39.0982090Z [1m[92m  Downloaded[0m h2 v0.4.19
2026-08-29T00:39:39.1050228Z [1m[92m  Downloaded[0m vcpkg v0.2.15
2026-08-29T00:39:39.1627632Z [1m[92m  Downloaded[0m zlib-rs v0.6.7
2026-08-29T00:39:39.1684951Z [1m[92m  Downloaded[0m syn v1.0.109
2026-08-29T00:39:39.1782119Z [1m[92m  Downloaded[0m hickory-proto v0.24.4
2026-08-29T00:39:39.1945790Z [1m[92m  Downloaded[0m htmd v0.5.5
2026-08-29T00:39:39.2037983Z [1m[92m  Downloaded[0m zerocopy v0.8.56
2026-08-29T00:39:39.2264087Z [1m[92m  Downloaded[0m icu_normalizer v2.3.0
2026-08-29T00:39:39.2364058Z [1m[92m  Downloaded[0m log v0.4.34
2026-08-29T00:39:39.2390993Z [1m[92m  Downloaded[0m libc v0.2.189
2026-08-29T00:39:39.2850820Z [1m[92m  Downloaded[0m atomic-waker v1.1.2
2026-08-29T00:39:39.2863051Z [1m[92m  Downloaded[0m bitflags v1.3.2
2026-08-29T00:39:39.2897144Z [1m[92m  Downloaded[0m tokio v1.53.1
2026-08-29T00:39:39.3423065Z [1m[92m  Downloaded[0m winnow v0.7.15
2026-08-29T00:39:39.3523809Z [1m[92m  Downloaded[0m encoding_rs v0.8.35
2026-08-29T00:39:39.3730458Z [1m[92m  Downloaded[0m gjson v0.8.1
2026-08-29T00:39:39.4171753Z [1m[92m  Downloaded[0m linux-raw-sys v0.12.1
2026-08-29T00:39:39.4845097Z [1m[92m  Downloaded[0m libsqlite3-sys v0.30.1
2026-08-29T00:39:39.6808173Z [1m[92m   Compiling[0m libc v0.2.189
2026-08-29T00:39:39.6809892Z [1m[92m   Compiling[0m proc-macro2 v1.0.107
2026-08-29T00:39:39.6812819Z [1m[92m   Compiling[0m quote v1.0.47
2026-08-29T00:39:39.6813243Z [1m[92m   Compiling[0m unicode-ident v1.0.24
2026-08-29T00:39:42.0530206Z [1m[92m    Checking[0m cfg-if v1.0.4
2026-08-29T00:39:42.0753194Z [1m[92m    Checking[0m smallvec v1.15.2
2026-08-29T00:39:42.3001926Z [1m[92m   Compiling[0m zerocopy v0.8.56
2026-08-29T00:39:43.9451536Z [1m[92m    Checking[0m scopeguard v1.2.0
2026-08-29T00:39:43.9864070Z [1m[92m   Compiling[0m parking_lot_core v0.9.12
2026-08-29T00:39:44.1169062Z [1m[92m    Checking[0m lock_api v0.4.14
2026-08-29T00:39:44.2853778Z [1m[92m   Compiling[0m siphasher v1.0.3
2026-08-29T00:39:44.4777900Z [1m[92m   Compiling[0m serde_core v1.0.229
2026-08-29T00:39:44.8377029Z [1m[92m   Compiling[0m syn v3.0.4
2026-08-29T00:39:44.8634204Z [1m[92m   Compiling[0m syn v2.0.119
2026-08-29T00:39:45.0224003Z [1m[92m    Checking[0m stable_deref_trait v1.2.1
2026-08-29T00:39:45.1074305Z [1m[92m    Checking[0m parking_lot v0.12.5
2026-08-29T00:39:45.2498789Z [1m[92m   Compiling[0m serde v1.0.229
2026-08-29T00:39:45.4385843Z [1m[92m    Checking[0m once_cell v1.21.4
2026-08-29T00:39:47.0004391Z [1m[92m    Checking[0m memchr v2.8.3
2026-08-29T00:39:47.4374542Z [1m[92m   Compiling[0m jobserver v0.1.35
2026-08-29T00:39:47.7404380Z [1m[92m   Compiling[0m shlex v2.0.1
2026-08-29T00:39:47.8624118Z [1m[92m   Compiling[0m find-msvc-tools v0.1.11
2026-08-29T00:39:48.0793998Z [1m[92m   Compiling[0m cc v1.4.4
2026-08-29T00:39:49.2903880Z [1m[92m   Compiling[0m ppv-lite86 v0.2.21
2026-08-29T00:39:49.3914095Z [1m[92m   Compiling[0m serde_derive v1.0.229
2026-08-29T00:39:49.7044743Z [1m[92m   Compiling[0m synstructure v0.13.2
2026-08-29T00:39:49.7129143Z [1m[92m    Checking[0m pin-project-lite v0.2.17
2026-08-29T00:39:49.7553471Z [1m[92m    Checking[0m itoa v1.0.18
2026-08-29T00:39:49.8533963Z [1m[92m    Checking[0m log v0.4.34
2026-08-29T00:39:49.9589707Z [1m[92m    Checking[0m futures-core v0.3.34
2026-08-29T00:39:50.0024623Z [1m[92m    Checking[0m bytes v1.12.1
2026-08-29T00:39:50.0304309Z [1m[92m   Compiling[0m zerovec-derive v0.11.6
2026-08-29T00:39:50.2484687Z [1m[92m   Compiling[0m zerofrom-derive v0.1.7
2026-08-29T00:39:50.4184658Z [1m[92m   Compiling[0m yoke-derive v0.8.2
2026-08-29T00:39:51.1084158Z [1m[92m    Checking[0m new_debug_unreachable v1.0.6
2026-08-29T00:39:51.1379123Z [1m[92m   Compiling[0m displaydoc v0.2.7
2026-08-29T00:39:51.3484063Z [1m[92m    Checking[0m errno v0.3.14
2026-08-29T00:39:51.3824689Z [1m[92m    Checking[0m zerofrom v0.1.8
2026-08-29T00:39:51.4116899Z [1m[92m   Compiling[0m phf_shared v0.13.1
2026-08-29T00:39:51.4530060Z [1m[92m    Checking[0m yoke v0.8.3
2026-08-29T00:39:51.5923664Z [1m[92m    Checking[0m zerovec v0.11.8
2026-08-29T00:39:51.6163930Z [1m[92m    Checking[0m precomputed-hash v0.1.1
2026-08-29T00:39:51.6544096Z [1m[92m    Checking[0m futures-sink v0.3.34
2026-08-29T00:39:51.7177029Z [1m[92m    Checking[0m bitflags v2.13.1
2026-08-29T00:39:51.7243798Z [1m[92m   Compiling[0m fastrand v2.5.0
2026-08-29T00:39:51.8225801Z [1m[92m   Compiling[0m phf_generator v0.13.1
2026-08-29T00:39:51.8313775Z [1m[92m    Checking[0m signal-hook-registry v1.4.8
2026-08-29T00:39:51.9534615Z [1m[92m   Compiling[0m tokio-macros v2.7.2
2026-08-29T00:39:51.9573387Z [1m[92m   Compiling[0m getrandom v0.2.17
2026-08-29T00:39:52.0648331Z [1m[92m    Checking[0m socket2 v0.6.5
2026-08-29T00:39:52.0953487Z [1m[92m    Checking[0m mio v1.2.2
2026-08-29T00:39:52.3224298Z [1m[92m   Compiling[0m rand_core v0.6.4
2026-08-29T00:39:52.3340162Z [1m[92m    Checking[0m slab v0.4.12
2026-08-29T00:39:52.4464219Z [1m[92m   Compiling[0m pkg-config v0.3.34
2026-08-29T00:39:52.4844816Z [1m[92m   Compiling[0m rand_chacha v0.3.1
2026-08-29T00:39:52.4923711Z [1m[92m    Checking[0m tokio v1.53.1
2026-08-29T00:39:52.6396317Z [1m[92m    Checking[0m tinystr v0.8.4
2026-08-29T00:39:52.7734100Z [1m[92m    Checking[0m futures-channel v0.3.34
2026-08-29T00:39:52.8723882Z [1m[92m   Compiling[0m siphasher v0.3.11
2026-08-29T00:39:52.8954377Z [1m[92m    Checking[0m litemap v0.8.3
2026-08-29T00:39:52.9254047Z [1m[92m    Checking[0m writeable v0.6.4
2026-08-29T00:39:53.0154068Z [1m[92m   Compiling[0m rand v0.8.8
2026-08-29T00:39:53.0384081Z [1m[92m    Checking[0m potential_utf v0.1.6
2026-08-29T00:39:53.0654039Z [1m[92m    Checking[0m icu_locale_core v2.3.0
2026-08-29T00:39:53.1174147Z [1m[92m    Checking[0m zerotrie v0.2.5
2026-08-29T00:39:53.3154039Z [1m[92m   Compiling[0m futures-macro v0.3.34
2026-08-29T00:39:53.7874328Z [1m[92m    Checking[0m utf8_iter v1.0.4
2026-08-29T00:39:53.8643882Z [1m[92m   Compiling[0m icu_normalizer_data v2.3.0
2026-08-29T00:39:53.9204058Z [1m[92m   Compiling[0m icu_properties_data v2.3.0
2026-08-29T00:39:53.9844820Z [1m[92m    Checking[0m futures-task v0.3.34
2026-08-29T00:39:54.0264361Z [1m[92m   Compiling[0m getrandom v0.3.4
2026-08-29T00:39:54.0864456Z [1m[92m    Checking[0m futures-io v0.3.34
2026-08-29T00:39:54.1483929Z [1m[92m    Checking[0m futures-util v0.3.34
2026-08-29T00:39:54.2514321Z [1m[92m    Checking[0m icu_collections v2.3.0
2026-08-29T00:39:54.5233882Z [1m[92m    Checking[0m icu_provider v2.3.1
2026-08-29T00:39:54.7204034Z [1m[92m    Checking[0m tracing-core v0.1.36
2026-08-29T00:39:54.9944369Z [1m[92m    Checking[0m percent-encoding v2.3.2
2026-08-29T00:39:55.0783950Z [1m[92m    Checking[0m hashbrown v0.17.1
2026-08-29T00:39:55.5453876Z [1m[92m    Checking[0m equivalent v1.0.2
2026-08-29T00:39:55.5831163Z [1m[92m    Checking[0m indexmap v2.14.0
2026-08-29T00:39:56.3493936Z [1m[92m   Compiling[0m phf_codegen v0.13.1
2026-08-29T00:39:56.3594534Z [1m[92m   Compiling[0m tracing-attributes v0.1.31
2026-08-29T00:39:56.4313791Z [1m[92m    Checking[0m icu_properties v2.3.0
2026-08-29T00:39:56.4403112Z [1m[92m    Checking[0m icu_normalizer v2.3.0
2026-08-29T00:39:56.7214073Z [1m[92m   Compiling[0m zstd-sys v2.0.16+zstd.1.5.7
2026-08-29T00:39:56.9624468Z [1m[92m    Checking[0m http v1.5.0
2026-08-29T00:39:57.2194017Z [1m[92m   Compiling[0m getrandom v0.1.16
2026-08-29T00:39:57.4673305Z [1m[92m    Checking[0m idna_adapter v1.2.2
2026-08-29T00:39:57.4919462Z [1m[92m    Checking[0m tracing v0.1.44
2026-08-29T00:39:57.5166568Z [1m[92m    Checking[0m form_urlencoded v1.2.2
2026-08-29T00:39:57.5385357Z [1m[92m   Compiling[0m phf_macros v0.13.1
2026-08-29T00:39:57.5879507Z [1m[92m   Compiling[0m ring v0.17.14
2026-08-29T00:39:57.6139458Z [1m[92m   Compiling[0m phf_shared v0.11.3
2026-08-29T00:39:57.6958926Z [1m[92m    Checking[0m fnv v1.0.7
2026-08-29T00:39:57.7261435Z [1m[92m    Checking[0m dtoa v1.0.11
2026-08-29T00:39:57.7881341Z [1m[92m    Checking[0m dtoa-short v0.3.5
2026-08-29T00:39:57.8422984Z [1m[92m   Compiling[0m phf_generator v0.11.3
2026-08-29T00:39:57.9575119Z [1m[92m    Checking[0m http-body v1.1.0
2026-08-29T00:39:58.0185393Z [1m[92m    Checking[0m idna v1.1.0
2026-08-29T00:39:58.0419568Z [1m[92m    Checking[0m phf v0.13.1
2026-08-29T00:39:58.1681850Z [1m[92m    Checking[0m tokio-util v0.7.19
2026-08-29T00:39:58.2264472Z [1m[92m   Compiling[0m string_cache_codegen v0.6.1
2026-08-29T00:39:58.4880891Z [1m[92m   Compiling[0m zstd-safe v7.2.4
2026-08-29T00:39:58.5696021Z [1m[92m   Compiling[0m crc32fast v1.5.1
2026-08-29T00:39:58.5783836Z [1m[92m   Compiling[0m version_check v0.9.5
2026-08-29T00:39:58.6961585Z [1m[92m   Compiling[0m httparse v1.10.1
2026-08-29T00:39:58.7514301Z [1m[92m    Checking[0m zeroize v1.9.0
2026-08-29T00:39:58.8536142Z [1m[92m    Checking[0m alloc-no-stdlib v2.0.4
2026-08-29T00:39:58.8738510Z [1m[92m    Checking[0m rustls-pki-types v1.15.1
2026-08-29T00:39:58.8980247Z [1m[92m    Checking[0m alloc-stdlib v0.2.4
2026-08-29T00:39:58.9521463Z [1m[92m   Compiling[0m ahash v0.8.12
2026-08-29T00:39:59.0579046Z [1m[92m   Compiling[0m web_atoms v0.2.6
2026-08-29T00:39:59.0874870Z [1m[92m   Compiling[0m rand_core v0.5.1
2026-08-29T00:39:59.2051404Z [1m[92m    Checking[0m url v2.5.8
2026-08-29T00:39:59.3421768Z [1m[92m    Checking[0m tower-service v0.3.3
2026-08-29T00:39:59.3717419Z [1m[92m    Checking[0m untrusted v0.9.0
2026-08-29T00:39:59.4105815Z [1m[92m    Checking[0m atomic-waker v1.1.2
2026-08-29T00:39:59.4445652Z [1m[92m    Checking[0m adler2 v2.0.1
2026-08-29T00:39:59.4895307Z [1m[92m   Compiling[0m zmij v1.0.23
2026-08-29T00:39:59.5055600Z [1m[92m    Checking[0m ipnet v2.12.1
2026-08-29T00:39:59.6200934Z [1m[92m    Checking[0m simd-adler32 v0.3.10
2026-08-29T00:39:59.6566985Z [1m[92m    Checking[0m try-lock v0.2.5
2026-08-29T00:39:59.6967949Z [1m[92m    Checking[0m want v0.3.1
2026-08-29T00:39:59.7175443Z [1m[92m    Checking[0m miniz_oxide v0.9.1
2026-08-29T00:39:59.7766035Z [1m[92m    Checking[0m h2 v0.4.19
2026-08-29T00:40:00.4811722Z [1m[92m    Checking[0m brotli-decompressor v5.0.3
2026-08-29T00:40:01.2238052Z [1m[92m    Checking[0m string_cache v0.9.0
2026-08-29T00:40:01.2964264Z [1m[92m    Checking[0m httpdate v1.0.3
2026-08-29T00:40:01.4376482Z [1m[92m   Compiling[0m serde_json v1.0.151
2026-08-29T00:40:01.4930943Z [1m[92m   Compiling[0m rustls v0.23.43
2026-08-29T00:40:01.5265344Z [1m[92m    Checking[0m hyper v1.11.1
2026-08-29T00:40:02.0110742Z [1m[92m    Checking[0m brotli v8.0.4
2026-08-29T00:40:02.4153581Z [1m[92m    Checking[0m flate2 v1.1.10
2026-08-29T00:40:02.9099525Z [1m[92m   Compiling[0m rand_chacha v0.2.2
2026-08-29T00:40:03.1618693Z [1m[92m   Compiling[0m rand_pcg v0.2.1
2026-08-29T00:40:03.2474542Z [1m[92m    Checking[0m toml_datetime v0.6.11
2026-08-29T00:40:03.3704542Z [1m[92m    Checking[0m serde_spanned v0.6.9
2026-08-29T00:40:03.4353195Z [1m[92m    Checking[0m tendril v0.5.1
2026-08-29T00:40:03.6374925Z [1m[92m    Checking[0m tinyvec_macros v0.1.1
2026-08-29T00:40:03.6665457Z [1m[92m    Checking[0m subtle v2.6.1
2026-08-29T00:40:03.7548078Z [1m[92m    Checking[0m toml_write v0.1.2
2026-08-29T00:40:03.8689916Z [1m[92m    Checking[0m base64 v0.22.1
2026-08-29T00:40:04.0586997Z [1m[92m    Checking[0m compression-core v0.4.32
2026-08-29T00:40:04.1196206Z [1m[92m    Checking[0m winnow v0.7.15
2026-08-29T00:40:04.2353928Z [1m[92m    Checking[0m hyper-util v0.1.20
2026-08-29T00:40:05.0834487Z [1m[92m    Checking[0m toml_edit v0.22.27
2026-08-29T00:40:05.2002982Z [1m[92m    Checking[0m tinyvec v1.12.0
2026-08-29T00:40:05.4024728Z [1m[92m   Compiling[0m rand v0.7.3
2026-08-29T00:40:06.3713299Z [1m[92m    Checking[0m http-body-util v0.1.5
2026-08-29T00:40:06.5579654Z [1m[92m   Compiling[0m phf_shared v0.8.0
2026-08-29T00:40:06.5619108Z [1m[92m    Checking[0m sync_wrapper v1.0.2
2026-08-29T00:40:06.6394162Z [1m[92m    Checking[0m tower-layer v0.3.3
2026-08-29T00:40:06.6739642Z [1m[92m   Compiling[0m syn v1.0.109
2026-08-29T00:40:06.7562138Z [1m[92m   Compiling[0m thiserror v2.0.20
2026-08-29T00:40:06.8441807Z [1m[92m    Checking[0m tower v0.5.3
2026-08-29T00:40:06.9872979Z [1m[92m   Compiling[0m phf_generator v0.8.0
2026-08-29T00:40:07.0471274Z [1m[92m    Checking[0m toml v0.8.23
2026-08-29T00:40:07.1431537Z [1m[92m    Checking[0m webpki-roots v1.0.9
2026-08-29T00:40:07.1886036Z [1m[92m   Compiling[0m phf_macros v0.11.3
2026-08-29T00:40:07.2667956Z [1m[92m   Compiling[0m phf_shared v0.10.0
2026-08-29T00:40:07.3451881Z [1m[92m   Compiling[0m cssparser-macros v0.6.1
2026-08-29T00:40:07.5798591Z [1m[92m   Compiling[0m thiserror-impl v2.0.20
2026-08-29T00:40:07.5839732Z [1m[92m    Checking[0m ryu v1.0.23
2026-08-29T00:40:07.6452768Z [1m[92m    Checking[0m serde_urlencoded v0.7.1
2026-08-29T00:40:07.7523176Z [1m[92m    Checking[0m phf v0.11.3
2026-08-29T00:40:07.8214860Z [1m[92m   Compiling[0m phf_generator v0.10.0
2026-08-29T00:40:08.5120958Z [1m[92m   Compiling[0m phf_codegen v0.11.3
2026-08-29T00:40:08.5656193Z [1m[92m   Compiling[0m string_cache_codegen v0.5.4
2026-08-29T00:40:08.7813271Z [1m[92m    Checking[0m byteorder v1.5.0
2026-08-29T00:40:08.8897498Z [1m[92m    Checking[0m mac v0.1.1
2026-08-29T00:40:08.9148710Z [1m[92m   Compiling[0m proc-macro-hack v0.5.20+deprecated
2026-08-29T00:40:09.0214031Z [1m[92m   Compiling[0m convert_case v0.4.0
2026-08-29T00:40:09.1987633Z [1m[92m   Compiling[0m derive_more v0.99.20
2026-08-29T00:40:10.8240731Z [1m[92m    Checking[0m futf v0.1.5
2026-08-29T00:40:10.8761389Z [1m[92m    Checking[0m fxhash v0.2.1
2026-08-29T00:40:10.9234971Z [1m[92m   Compiling[0m markup5ever v0.12.1
2026-08-29T00:40:11.0063083Z [1m[92m   Compiling[0m phf_codegen v0.10.0
2026-08-29T00:40:11.0598999Z [1m[92m    Checking[0m unicode-normalization v0.1.25
2026-08-29T00:40:11.3006680Z [1m[92m    Checking[0m utf-8 v0.7.6
2026-08-29T00:40:11.3429224Z [1m[92m    Checking[0m lazy_static v1.5.0
2026-08-29T00:40:11.3563728Z [1m[92m    Checking[0m tendril v0.4.3
2026-08-29T00:40:11.4796199Z [1m[92m   Compiling[0m selectors v0.25.0
2026-08-29T00:40:11.6747758Z [1m[92m    Checking[0m string_cache v0.8.9
2026-08-29T00:40:11.8240293Z [1m[92m   Compiling[0m html5ever v0.27.0
2026-08-29T00:40:11.9878669Z [1m[92m   Compiling[0m cssparser-macros v0.7.0
2026-08-29T00:40:12.2303991Z [1m[92m   Compiling[0m thiserror v1.0.69
2026-08-29T00:40:12.3289465Z [1m[92m    Checking[0m zstd v0.13.3
2026-08-29T00:40:12.3998316Z [1m[92m    Checking[0m regex-syntax v0.8.11
2026-08-29T00:40:12.4834456Z [1m[92m    Checking[0m compression-codecs v0.4.38
2026-08-29T00:40:12.6489646Z [1m[92m    Checking[0m async-compression v0.4.43
2026-08-29T00:40:12.7244062Z [1m[92m    Checking[0m cssparser v0.37.0
2026-08-29T00:40:12.9273830Z [1m[92m    Checking[0m tower-http v0.6.11
2026-08-29T00:40:13.2944451Z [1m[92m   Compiling[0m phf_macros v0.8.0
2026-08-29T00:40:13.3060067Z [1m[92m    Checking[0m phf v0.10.1
2026-08-29T00:40:13.4664003Z [1m[92m    Checking[0m rustls-webpki v0.103.15
2026-08-29T00:40:13.8123124Z [1m[92m   Compiling[0m cssparser v0.27.2
2026-08-29T00:40:13.8215110Z [1m[92m    Checking[0m cssparser v0.31.2
2026-08-29T00:40:14.0253511Z [1m[92m   Compiling[0m phf_codegen v0.8.0
2026-08-29T00:40:14.0974203Z [1m[92m    Checking[0m markup5ever v0.38.0
2026-08-29T00:40:14.2143891Z [1m[92m    Checking[0m markup5ever v0.39.0
2026-08-29T00:40:14.4193598Z [1m[92m   Compiling[0m selectors v0.38.0
2026-08-29T00:40:14.4464013Z [1m[92m   Compiling[0m derive_more-impl v2.1.1
2026-08-29T00:40:14.6693621Z [1m[92m   Compiling[0m thiserror-impl v1.0.69
2026-08-29T00:40:15.0994357Z [1m[92m    Checking[0m servo_arc v0.3.0
2026-08-29T00:40:15.2174110Z [1m[92m    Checking[0m bit-vec v0.8.0
2026-08-29T00:40:15.2814071Z [1m[92m    Checking[0m unicode-width v0.2.2
2026-08-29T00:40:15.3633926Z [1m[92m    Checking[0m bit-set v0.8.0
2026-08-29T00:40:15.4473881Z [1m[92m    Checking[0m getopts v0.2.24
2026-08-29T00:40:15.4646769Z [1m[92m    Checking[0m derive_more v2.1.1
2026-08-29T00:40:15.7664074Z [1m[92m    Checking[0m phf v0.8.0
2026-08-29T00:40:15.8303808Z [1m[92m    Checking[0m html5ever v0.39.0
2026-08-29T00:40:15.8353436Z [1m[92m   Compiling[0m selectors v0.22.0
2026-08-29T00:40:16.2803991Z [1m[92m    Checking[0m aho-corasick v1.1.5
2026-08-29T00:40:16.3964018Z [1m[92m    Checking[0m tokio-rustls v0.26.4
2026-08-29T00:40:16.4813742Z [1m[92m    Checking[0m servo_arc v0.4.3
2026-08-29T00:40:16.5704377Z [1m[92m    Checking[0m hyper-rustls v0.27.9
2026-08-29T00:40:16.5900551Z [1m[92m    Checking[0m rustc-hash v2.1.3
2026-08-29T00:40:16.6465595Z [1m[92m   Compiling[0m heck v0.5.0
2026-08-29T00:40:16.6713839Z [1m[92m   Compiling[0m getrandom v0.4.3
2026-08-29T00:40:16.7125063Z [1m[92m    Checking[0m reqwest v0.12.28
2026-08-29T00:40:16.8047720Z [1m[92m    Checking[0m nodrop v0.1.14
2026-08-29T00:40:16.8153852Z [1m[92m    Checking[0m itoa v0.4.8
2026-08-29T00:40:16.8534071Z [1m[92m   Compiling[0m rustix v1.1.4
2026-08-29T00:40:16.8904330Z [1m[92m    Checking[0m matches v0.1.10
2026-08-29T00:40:16.9213926Z [1m[92m    Checking[0m ego-tree v0.6.3
2026-08-29T00:40:16.9974353Z [1m[92m    Checking[0m regex-automata v0.4.18
2026-08-29T00:40:17.0503436Z [1m[92m    Checking[0m scraper v0.20.0
2026-08-29T00:40:17.2596627Z [1m[92m    Checking[0m servo_arc v0.1.1
2026-08-29T00:40:17.3694268Z [1m[92m    Checking[0m tokenloom-core v0.1.0 (/home/runner/work/tokenloom/tokenloom/crates/tokenloom-core)
2026-08-29T00:40:17.7792160Z [1m[92m    Checking[0m xml5ever v0.38.0
2026-08-29T00:40:17.8983996Z [1m[92m    Checking[0m html5ever v0.38.0
2026-08-29T00:40:18.0684672Z [1m[92m    Checking[0m hashbrown v0.14.5
2026-08-29T00:40:18.1184576Z [1m[92m    Checking[0m futures-executor v0.3.34
2026-08-29T00:40:18.2080710Z [1m[92m   Compiling[0m async-trait v0.1.92
2026-08-29T00:40:18.5153836Z [1m[92m    Checking[0m nom v8.0.0
2026-08-29T00:40:18.5363708Z [1m[92m    Checking[0m encoding_rs v0.8.35
2026-08-29T00:40:18.9974538Z [1m[92m   Compiling[0m crossbeam-utils v0.8.22
2026-08-29T00:40:19.1624078Z [1m[92m   Compiling[0m vcpkg v0.2.15
2026-08-29T00:40:19.1684039Z [1m[92m    Checking[0m linux-raw-sys v0.12.1
2026-08-29T00:40:19.4595033Z [1m[92m    Checking[0m thin-slice v0.1.1
2026-08-29T00:40:19.4664072Z [1m[92m    Checking[0m foldhash v0.2.0
2026-08-29T00:40:19.5254694Z [1m[92m    Checking[0m bitflags v1.3.2
2026-08-29T00:40:19.7534011Z [1m[92m   Compiling[0m libsqlite3-sys v0.30.1
2026-08-29T00:40:19.9894794Z [1m[92m    Checking[0m markup5ever_rcdom v0.38.0+unofficial
2026-08-29T00:40:20.0250550Z [1m[92m    Checking[0m futures v0.3.34
2026-08-29T00:40:20.2003947Z [1m[92m    Checking[0m hashbrown v0.13.2
2026-08-29T00:40:20.6059403Z [1m[92m    Checking[0m gjson v0.8.1
2026-08-29T00:40:20.6200485Z [1m[92m    Checking[0m html-escape v0.2.15
2026-08-29T00:40:20.8323220Z [1m[92m    Checking[0m unicode-segmentation v1.13.3
2026-08-29T00:40:20.9900058Z [1m[92m    Checking[0m mime v0.3.17
2026-08-29T00:40:21.1275531Z [1m[92m    Checking[0m dom_query v0.28.0
2026-08-29T00:40:21.1464378Z [1m[92m    Checking[0m maplit v1.0.2
2026-08-29T00:40:21.1874470Z [1m[92m    Checking[0m lazycell v1.3.0
2026-08-29T00:40:21.1953915Z [1m[92m    Checking[0m flagset v0.4.7
2026-08-29T00:40:21.2454199Z [1m[92m   Compiling[0m portable-atomic v1.15.0
2026-08-29T00:40:21.2693994Z [1m[92m    Checking[0m tempfile v3.27.0
2026-08-29T00:40:21.2753777Z [1m[92m    Checking[0m lol_html v1.2.1
2026-08-29T00:40:21.4282182Z [1m[92m    Checking[0m ammonia v4.1.4
2026-08-29T00:40:21.6104072Z [1m[92m    Checking[0m htmd v0.5.5
2026-08-29T00:40:21.8106461Z [1m[92m    Checking[0m dom_smoothie v0.18.0
2026-08-29T00:40:22.1257749Z [1m[92m    Checking[0m chardetng v0.1.17
2026-08-29T00:40:22.1840404Z [1m[92m   Compiling[0m enum-as-inner v0.6.1
2026-08-29T00:40:22.1846086Z [1m[92m    Checking[0m raw-cpuid v11.6.0
2026-08-29T00:40:22.3403844Z [1m[92m   Compiling[0m anyhow v1.0.104
2026-08-29T00:40:22.4820238Z [1m[92m    Checking[0m utf8parse v0.2.2
2026-08-29T00:40:22.5374942Z [1m[92m    Checking[0m linked-hash-map v0.5.6
2026-08-29T00:40:22.5464831Z [1m[92m    Checking[0m data-encoding v2.11.1
2026-08-29T00:40:22.6744064Z [1m[92m    Checking[0m lru-cache v0.1.2
2026-08-29T00:40:22.7993957Z [1m[92m    Checking[0m hickory-proto v0.24.4
2026-08-29T00:40:22.8034304Z [1m[92m    Checking[0m anstyle-parse v1.0.0
2026-08-29T00:40:23.3511521Z [1m[92m    Checking[0m dashmap v5.5.3
2026-08-29T00:40:23.5954253Z [1m[92m    Checking[0m hashlink v0.9.1
2026-08-29T00:40:23.7744177Z [1m[92m    Checking[0m quanta v0.12.6
2026-08-29T00:40:23.8134503Z [1m[92m    Checking[0m rand_core v0.9.5
2026-08-29T00:40:23.8935343Z [1m[92m    Checking[0m spinning_top v0.3.0
2026-08-29T00:40:23.9264125Z [1m[92m    Checking[0m resolv-conf v0.7.6
2026-08-29T00:40:23.9537540Z [1m[92m    Checking[0m colorchoice v1.0.5
2026-08-29T00:40:23.9983806Z [1m[92m    Checking[0m anstyle v1.0.14
2026-08-29T00:40:24.0514062Z [1m[92m    Checking[0m fallible-iterator v0.3.0
2026-08-29T00:40:24.1247482Z [1m[92m    Checking[0m no-std-compat v0.4.1
2026-08-29T00:40:24.1609744Z [1m[92m    Checking[0m nonzero_ext v0.3.0
2026-08-29T00:40:24.2203918Z [1m[92m    Checking[0m is_terminal_polyfill v1.70.2
2026-08-29T00:40:24.2674184Z [1m[92m    Checking[0m fallible-streaming-iterator v0.1.9
2026-08-29T00:40:24.3023880Z [1m[92m    Checking[0m anstyle-query v1.1.5
2026-08-29T00:40:24.3450386Z [1m[92m    Checking[0m futures-timer v3.0.4
2026-08-29T00:40:24.3482094Z [1m[92m   Compiling[0m autocfg v1.5.1
2026-08-29T00:40:24.4653904Z [1m[92m    Checking[0m governor v0.6.3
2026-08-29T00:40:24.5034164Z [1m[92m    Checking[0m hickory-resolver v0.24.4
2026-08-29T00:40:24.6584597Z [1m[92m   Compiling[0m num-traits v0.2.19
2026-08-29T00:40:24.7034548Z [1m[92m    Checking[0m anstream v1.0.0
2026-08-29T00:40:24.8514769Z [1m[92m    Checking[0m tokenloom-sanitize v0.1.0 (/home/runner/work/tokenloom/tokenloom/crates/tokenloom-sanitize)
2026-08-29T00:40:24.9278100Z [1m[92m    Checking[0m num_cpus v1.17.0
2026-08-29T00:40:25.0284398Z [1m[92m    Checking[0m clap_lex v1.1.0
2026-08-29T00:40:25.0604096Z [1m[92m    Checking[0m deadpool-runtime v0.1.4
2026-08-29T00:40:25.1224882Z [1m[92m    Checking[0m strsim v0.11.1
2026-08-29T00:40:25.1313907Z [1m[92m    Checking[0m roxmltree v0.20.0
2026-08-29T00:40:25.1994443Z [1m[92m    Checking[0m deadpool v0.12.3
2026-08-29T00:40:25.2414525Z [1m[92m    Checking[0m clap_builder v4.6.6
2026-08-29T00:40:25.4534272Z [1m[92m    Checking[0m matchers v0.2.0
2026-08-29T00:40:25.5174567Z [1m[92m    Checking[0m regex v1.13.1
2026-08-29T00:40:25.5304824Z [1m[92m   Compiling[0m clap_derive v4.6.4
2026-08-29T00:40:25.7553971Z [1m[92m    Checking[0m sharded-slab v0.1.7
2026-08-29T00:40:26.1574056Z [1m[92m    Checking[0m assert-json-diff v2.0.2
2026-08-29T00:40:26.2739554Z [1m[92m    Checking[0m tracing-log v0.2.0
2026-08-29T00:40:26.3702038Z [1m[92m    Checking[0m wait-timeout v0.2.1
2026-08-29T00:40:26.4385241Z [1m[92m    Checking[0m thread_local v1.1.10
2026-08-29T00:40:26.5667821Z [1m[92m    Checking[0m quick-error v1.2.3
2026-08-29T00:40:26.6194493Z [1m[92m    Checking[0m nu-ansi-term v0.50.3
2026-08-29T00:40:26.6643853Z [1m[92m    Checking[0m rusty-fork v0.3.1
2026-08-29T00:40:26.7950431Z [1m[92m    Checking[0m tracing-subscriber v0.3.23
2026-08-29T00:40:26.8603896Z [1m[92m    Checking[0m wiremock v0.6.5
2026-08-29T00:40:27.3298711Z [1m[92m    Checking[0m clap v4.6.6
2026-08-29T00:40:27.4044398Z [1m[92m    Checking[0m tokenloom-engines v0.1.0 (/home/runner/work/tokenloom/tokenloom/crates/tokenloom-engines)
2026-08-29T00:40:27.7413975Z [1m[92m    Checking[0m rand v0.9.5
2026-08-29T00:40:27.9143695Z [1m[92m    Checking[0m rand_chacha v0.9.0
2026-08-29T00:40:28.1684447Z [1m[92m    Checking[0m rand_xorshift v0.4.0
2026-08-29T00:40:28.2285749Z [1m[92m    Checking[0m tokenloom-output v0.1.0 (/home/runner/work/tokenloom/tokenloom/crates/tokenloom-output)
2026-08-29T00:40:28.2563506Z [1m[92m    Checking[0m unarray v0.1.4
2026-08-29T00:40:28.3083688Z [1m[92m    Checking[0m proptest v1.11.0
2026-08-29T00:40:30.5225809Z [1m[92m    Checking[0m xtask v0.1.0 (/home/runner/work/tokenloom/tokenloom/xtask)
2026-08-29T00:40:31.5606898Z [1m[92m    Checking[0m rusqlite v0.32.1
2026-08-29T00:40:32.1403157Z [1m[92m    Checking[0m tokenloom-fetch v0.1.0 (/home/runner/work/tokenloom/tokenloom/crates/tokenloom-fetch)
2026-08-29T00:40:32.4392183Z [1m[92m    Checking[0m tokenloom v0.1.0 (/home/runner/work/tokenloom/tokenloom/crates/tokenloom)
2026-08-29T00:40:32.8110840Z [1m[92m    Finished[0m `dev` profile [unoptimized + debuginfo] target(s) in 56.48s
2026-08-29T00:40:32.9306618Z ##[group]Run cargo clippy --workspace --all-targets -- -D warnings
2026-08-29T00:40:32.9307125Z [36;1mcargo clippy --workspace --all-targets -- -D warnings[0m
2026-08-29T00:40:32.9347532Z shell: /usr/bin/bash -e {0}
2026-08-29T00:40:32.9347803Z env:
2026-08-29T00:40:32.9348020Z   CARGO_TERM_COLOR: always
2026-08-29T00:40:32.9348274Z   RUSTFLAGS: -D warnings
2026-08-29T00:40:32.9348526Z   CARGO_HOME: /home/runner/.cargo
2026-08-29T00:40:32.9348791Z   CARGO_INCREMENTAL: 0
2026-08-29T00:40:32.9349022Z   CACHE_ON_FAILURE: false
2026-08-29T00:40:32.9349262Z ##[endgroup]
2026-08-29T00:40:33.5006895Z [1m[92m    Checking[0m tokenloom-core v0.1.0 (/home/runner/work/tokenloom/tokenloom/crates/tokenloom-core)
2026-08-29T00:40:33.5103719Z [1m[92m    Checking[0m xtask v0.1.0 (/home/runner/work/tokenloom/tokenloom/xtask)
2026-08-29T00:40:34.2322609Z [1m[92m    Checking[0m tokenloom-sanitize v0.1.0 (/home/runner/work/tokenloom/tokenloom/crates/tokenloom-sanitize)
2026-08-29T00:40:34.2324269Z [1m[92m    Checking[0m tokenloom-engines v0.1.0 (/home/runner/work/tokenloom/tokenloom/crates/tokenloom-engines)
2026-08-29T00:40:34.2325483Z [1m[92m    Checking[0m tokenloom-output v0.1.0 (/home/runner/work/tokenloom/tokenloom/crates/tokenloom-output)
2026-08-29T00:40:34.4480729Z [1m[91merror[0m[1m: manual implementation of `.is_multiple_of()`[0m
2026-08-29T00:40:34.4495347Z    [1m[94m--> [0mcrates/tokenloom-sanitize/src/hardening.rs:179:21
2026-08-29T00:40:34.4496225Z     [1m[94m|[0m
2026-08-29T00:40:34.4496982Z [1m[94m179[0m [1m[94m|[0m         if i > 0 && (bytes.len() - i) % 3 == 0 {
2026-08-29T00:40:34.4498217Z     [1m[94m|[0m                     [1m[91m^^^^^^^^^^^^^^^^^^^^^^^^^^[0m [1m[91mhelp: replace with: `(bytes.len() - i).is_multiple_of(3)`[0m
2026-08-29T00:40:34.4499266Z     [1m[94m|[0m
2026-08-29T00:40:34.4500446Z     [1m[94m= [0m[1mhelp[0m: for further information visit https://rust-lang.github.io/rust-clippy/rust-1.98.0/index.html#manual_is_multiple_of
2026-08-29T00:40:34.4509121Z     [1m[94m= [0m[1mnote[0m: `-D clippy::manual-is-multiple-of` implied by `-D warnings`
2026-08-29T00:40:34.4510580Z     [1m[94m= [0m[1mhelp[0m: to override `-D warnings` add `#[allow(clippy::manual_is_multiple_of)]`
2026-08-29T00:40:34.4511316Z 
2026-08-29T00:40:34.4976899Z [1m[91merror[0m: could not compile `tokenloom-sanitize` (lib) due to 1 previous error
2026-08-29T00:40:34.4978823Z [1m[33mwarning[0m: build failed, waiting for other jobs to finish...
2026-08-29T00:40:34.6029447Z [1m[91merror[0m: could not compile `tokenloom-sanitize` (lib test) due to 1 previous error
2026-08-29T00:40:37.4346241Z ##[error]Process completed with exit code 101.
2026-08-29T00:40:37.4466927Z Node 20 is being deprecated. This workflow is running with Node 24 by default. If you need to temporarily use Node 20, you can set the ACTIONS_ALLOW_USE_UNSECURE_NODE_VERSION=true environment variable. For more information see: https://github.blog/changelog/2025-09-19-deprecation-of-node-20-on-github-actions-runners/
2026-08-29T00:40:37.4468136Z Post job cleanup.
2026-08-29T00:40:37.5333707Z [command]/usr/bin/git version
2026-08-29T00:40:37.5376221Z git version 2.55.0
2026-08-29T00:40:37.5414932Z Temporarily overriding HOME='/home/runner/work/_temp/b93b7686-b4c5-47ba-9155-b38a9ec2db65' before making global git config changes
2026-08-29T00:40:37.5416184Z Adding repository directory to the temporary git global config as a safe directory
2026-08-29T00:40:37.5421142Z [command]/usr/bin/git config --global --add safe.directory /home/runner/work/tokenloom/tokenloom
2026-08-29T00:40:37.5463697Z [command]/usr/bin/git config --local --name-only --get-regexp core\.sshCommand
2026-08-29T00:40:37.5499839Z [command]/usr/bin/git submodule foreach --recursive sh -c "git config --local --name-only --get-regexp 'core\.sshCommand' && git config --local --unset-all 'core.sshCommand' || :"
2026-08-29T00:40:37.5803238Z [command]/usr/bin/git config --local --name-only --get-regexp http\.https\:\/\/github\.com\/\.extraheader
2026-08-29T00:40:37.5840822Z http.https://github.com/.extraheader
2026-08-29T00:40:37.5852509Z [command]/usr/bin/git config --local --unset-all http.https://github.com/.extraheader
2026-08-29T00:40:37.5894139Z [command]/usr/bin/git submodule foreach --recursive sh -c "git config --local --name-only --get-regexp 'http\.https\:\/\/github\.com\/\.extraheader' && git config --local --unset-all 'http.https://github.com/.extraheader' || :"
2026-08-29T00:40:37.6170739Z [command]/usr/bin/git config --local --name-only --get-regexp ^includeIf\.gitdir:
2026-08-29T00:40:37.6212174Z [command]/usr/bin/git submodule foreach --recursive git config --local --show-origin --name-only --get-regexp remote.origin.url
2026-08-29T00:40:37.6647679Z Cleaning up orphan processes
2026-08-29T00:40:37.6947387Z ##[warning]Node.js 20 is deprecated. The following actions target Node.js 20 but are being forced to run on Node.js 24: actions/checkout@v4. For more information see: https://github.blog/changelog/2025-09-19-deprecation-of-node-20-on-github-actions-runners/
